13:44:42 **** Incremental Build of configuration Debug for project EmbeddedLab_SW ****
make all 
make: Nothing to be done for `all'.
10:31:22 **** Build of project EmbeddedLab_SW_bsp ****
make -k all 
"Running Make include in microblaze_0/libsrc/bram_v4_0/src"
make -C microblaze_0/libsrc/bram_v4_0/src -s include  "SHELL=CMD" "COMPILER=mb-gcc" "ARCHIVER=mb-ar" "COMPILER_FLAGS= -O2 -c -mcpu=v9.4 -mlittle-endian -mxl-soft-mul" "EXTRA_COMPILER_FLAGS=-g -ffunction-sections -fdata-sections"
"Running Make include in microblaze_0/libsrc/cpu_v2_2/src"
make -C microblaze_0/libsrc/cpu_v2_2/src -s include  "SHELL=CMD" "COMPILER=mb-gcc" "ARCHIVER=mb-ar" "COMPILER_FLAGS= -O2 -c -mcpu=v9.4 -mlittle-endian -mxl-soft-mul" "EXTRA_COMPILER_FLAGS=-g -ffunction-sections -fdata-sections"
"Running Make include in microblaze_0/libsrc/gpio_v4_0/src"
make -C microblaze_0/libsrc/gpio_v4_0/src -s include  "SHELL=CMD" "COMPILER=mb-gcc" "ARCHIVER=mb-ar" "COMPILER_FLAGS= -O2 -c -mcpu=v9.4 -mlittle-endian -mxl-soft-mul" "EXTRA_COMPILER_FLAGS=-g -ffunction-sections -fdata-sections"
"Running Make include in microblaze_0/libsrc/intc_v3_2/src"
make -C microblaze_0/libsrc/intc_v3_2/src -s include  "SHELL=CMD" "COMPILER=mb-gcc" "ARCHIVER=mb-ar" "COMPILER_FLAGS= -O2 -c -mcpu=v9.4 -mlittle-endian -mxl-soft-mul" "EXTRA_COMPILER_FLAGS=-g -ffunction-sections -fdata-sections"
"Running Make include in microblaze_0/libsrc/standalone_v4_2/src"
make -C microblaze_0/libsrc/standalone_v4_2/src -s include  "SHELL=CMD" "COMPILER=mb-gcc" "ARCHIVER=mb-ar" "COMPILER_FLAGS= -O2 -c -mcpu=v9.4 -mlittle-endian -mxl-soft-mul" "EXTRA_COMPILER_FLAGS=-g -ffunction-sections -fdata-sections"
"Running Make include in microblaze_0/libsrc/tmrctr_v3_0/src"
make -C microblaze_0/libsrc/tmrctr_v3_0/src -s include  "SHELL=CMD" "COMPILER=mb-gcc" "ARCHIVER=mb-ar" "COMPILER_FLAGS= -O2 -c -mcpu=v9.4 -mlittle-endian -mxl-soft-mul" "EXTRA_COMPILER_FLAGS=-g -ffunction-sections -fdata-sections"
"Running Make include in microblaze_0/libsrc/uartlite_v3_0/src"
make -C microblaze_0/libsrc/uartlite_v3_0/src -s include  "SHELL=CMD" "COMPILER=mb-gcc" "ARCHIVER=mb-ar" "COMPILER_FLAGS= -O2 -c -mcpu=v9.4 -mlittle-endian -mxl-soft-mul" "EXTRA_COMPILER_FLAGS=-g -ffunction-sections -fdata-sections"
"Running Make libs in microblaze_0/libsrc/bram_v4_0/src"
make -C microblaze_0/libsrc/bram_v4_0/src -s libs  "SHELL=CMD" "COMPILER=mb-gcc" "ARCHIVER=mb-ar" "COMPILER_FLAGS= -O2 -c -mcpu=v9.4 -mlittle-endian -mxl-soft-mul" "EXTRA_COMPILER_FLAGS=-g -ffunction-sections -fdata-sections"
"Compiling bram"
"Running Make libs in microblaze_0/libsrc/cpu_v2_2/src"
make -C microblaze_0/libsrc/cpu_v2_2/src -s libs  "SHELL=CMD" "COMPILER=mb-gcc" "ARCHIVER=mb-ar" "COMPILER_FLAGS= -O2 -c -mcpu=v9.4 -mlittle-endian -mxl-soft-mul" "EXTRA_COMPILER_FLAGS=-g -ffunction-sections -fdata-sections"
"Compiling cpu"
"Running Make libs in microblaze_0/libsrc/gpio_v4_0/src"
make -C microblaze_0/libsrc/gpio_v4_0/src -s libs  "SHELL=CMD" "COMPILER=mb-gcc" "ARCHIVER=mb-ar" "COMPILER_FLAGS= -O2 -c -mcpu=v9.4 -mlittle-endian -mxl-soft-mul" "EXTRA_COMPILER_FLAGS=-g -ffunction-sections -fdata-sections"
"Compiling gpio"
"Running Make libs in microblaze_0/libsrc/intc_v3_2/src"
make -C microblaze_0/libsrc/intc_v3_2/src -s libs  "SHELL=CMD" "COMPILER=mb-gcc" "ARCHIVER=mb-ar" "COMPILER_FLAGS= -O2 -c -mcpu=v9.4 -mlittle-endian -mxl-soft-mul" "EXTRA_COMPILER_FLAGS=-g -ffunction-sections -fdata-sections"
"Compiling intc"
"Running Make libs in microblaze_0/libsrc/standalone_v4_2/src"
make -C microblaze_0/libsrc/standalone_v4_2/src -s libs  "SHELL=CMD" "COMPILER=mb-gcc" "ARCHIVER=mb-ar" "COMPILER_FLAGS= -O2 -c -mcpu=v9.4 -mlittle-endian -mxl-soft-mul" "EXTRA_COMPILER_FLAGS=-g -ffunction-sections -fdata-sections"
"Compiling standalone";
"Running Make libs in microblaze_0/libsrc/tmrctr_v3_0/src"
make -C microblaze_0/libsrc/tmrctr_v3_0/src -s libs  "SHELL=CMD" "COMPILER=mb-gcc" "ARCHIVER=mb-ar" "COMPILER_FLAGS= -O2 -c -mcpu=v9.4 -mlittle-endian -mxl-soft-mul" "EXTRA_COMPILER_FLAGS=-g -ffunction-sections -fdata-sections"
"Compiling tmrctr"
"Running Make libs in microblaze_0/libsrc/uartlite_v3_0/src"
make -C microblaze_0/libsrc/uartlite_v3_0/src -s libs  "SHELL=CMD" "COMPILER=mb-gcc" "ARCHIVER=mb-ar" "COMPILER_FLAGS= -O2 -c -mcpu=v9.4 -mlittle-endian -mxl-soft-mul" "EXTRA_COMPILER_FLAGS=-g -ffunction-sections -fdata-sections"
"Compiling uartlite"
'Finished building libraries'
10:31:31 **** Build of configuration Debug for project EmbeddedLab_SW ****
make all 
'Building file: ../src/Interrupts.c'
'Invoking: MicroBlaze gcc compiler'
mb-gcc -Wall -O0 -g3 -c -fmessage-length=0 -MT"src/Interrupts.o" -I../../EmbeddedLab_SW_bsp/microblaze_0/include -mlittle-endian -mcpu=v9.4 -mxl-soft-mul -Wl,--no-relax -ffunction-sections -fdata-sections -MMD -MP -MF"src/Interrupts.d" -MT"src/Interrupts.d" -o "src/Interrupts.o" "../src/Interrupts.c"
'Finished building: ../src/Interrupts.c'
' '
'Building file: ../src/Timer.c'
'Invoking: MicroBlaze gcc compiler'
mb-gcc -Wall -O0 -g3 -c -fmessage-length=0 -MT"src/Timer.o" -I../../EmbeddedLab_SW_bsp/microblaze_0/include -mlittle-endian -mcpu=v9.4 -mxl-soft-mul -Wl,--no-relax -ffunction-sections -fdata-sections -MMD -MP -MF"src/Timer.d" -MT"src/Timer.d" -o "src/Timer.o" "../src/Timer.c"
In file included from ../src/Timer.h:11:0,
                 from ../src/Timer.c:7:
../src/Timer.c: In function 'TimerCounterHandler':
../../EmbeddedLab_SW_bsp/microblaze_0/include/xparameters.h:521:30: warning: initialization makes pointer from integer without a cast [enabled by default]
 #define XPAR_GPIO_0_BASEADDR 0x40040000
                              ^
../src/Timer.c:71:14: note: in expansion of macro 'XPAR_GPIO_0_BASEADDR'
  int * LED = XPAR_GPIO_0_BASEADDR;
              ^
'Finished building: ../src/Timer.c'
' '
'Building file: ../src/UART.c'
'Invoking: MicroBlaze gcc compiler'
mb-gcc -Wall -O0 -g3 -c -fmessage-length=0 -MT"src/UART.o" -I../../EmbeddedLab_SW_bsp/microblaze_0/include -mlittle-endian -mcpu=v9.4 -mxl-soft-mul -Wl,--no-relax -ffunction-sections -fdata-sections -MMD -MP -MF"src/UART.d" -MT"src/UART.d" -o "src/UART.o" "../src/UART.c"
'Finished building: ../src/UART.c'
' '
'Building file: ../src/main.c'
'Invoking: MicroBlaze gcc compiler'
mb-gcc -Wall -O0 -g3 -c -fmessage-length=0 -MT"src/main.o" -I../../EmbeddedLab_SW_bsp/microblaze_0/include -mlittle-endian -mcpu=v9.4 -mxl-soft-mul -Wl,--no-relax -ffunction-sections -fdata-sections -MMD -MP -MF"src/main.d" -MT"src/main.d" -o "src/main.o" "../src/main.c"
../src/main.c: In function 'main':
../src/main.c:62:17: warning: unused variable 'cts_1' [-Wunused-variable]
  unsigned char *cts_1   = (unsigned char*) UART1_CTS_ADDR;
                 ^
'Finished building: ../src/main.c'
' '
'Building file: ../src/platform.c'
'Invoking: MicroBlaze gcc compiler'
mb-gcc -Wall -O0 -g3 -c -fmessage-length=0 -MT"src/platform.o" -I../../EmbeddedLab_SW_bsp/microblaze_0/include -mlittle-endian -mcpu=v9.4 -mxl-soft-mul -Wl,--no-relax -ffunction-sections -fdata-sections -MMD -MP -MF"src/platform.d" -MT"src/platform.d" -o "src/platform.o" "../src/platform.c"
'Finished building: ../src/platform.c'
' '
'Building target: EmbeddedLab_SW.elf'
'Invoking: MicroBlaze gcc linker'
mb-gcc -Wl,-T -Wl,../src/lscript.ld -L../../EmbeddedLab_SW_bsp/microblaze_0/lib -mlittle-endian -mcpu=v9.4 -mxl-soft-mul -Wl,--no-relax -Wl,--gc-sections -o "EmbeddedLab_SW.elf"  ./src/Interrupts.o ./src/Timer.o ./src/UART.o ./src/main.o ./src/platform.o   -Wl,--start-group,-lxil,-lgcc,-lc,--end-group
'Finished building target: EmbeddedLab_SW.elf'
' '
'Invoking: MicroBlaze Print Size'
mb-size EmbeddedLab_SW.elf  |tee "EmbeddedLab_SW.elf.size"
   text	   data	    bss	    dec	    hex	filename
  13544	    428	   2436	  16408	   4018	EmbeddedLab_SW.elf
'Finished building: EmbeddedLab_SW.elf.size'
' '
10:36:01 **** Incremental Build of configuration Debug for project EmbeddedLab_SW ****
make all 
make: Nothing to be done for `all'.
10:37:42 **** Incremental Build of configuration Debug for project EmbeddedLab_SW ****
make all 
make: Nothing to be done for `all'.
11:05:19 **** Auto Build of configuration Debug for project EmbeddedLab_SW ****
make all 
'Building file: ../src/main.c'
'Invoking: MicroBlaze gcc compiler'
mb-gcc -Wall -O0 -g3 -c -fmessage-length=0 -MT"src/main.o" -I../../EmbeddedLab_SW_bsp/microblaze_0/include -mlittle-endian -mcpu=v9.4 -mxl-soft-mul -Wl,--no-relax -ffunction-sections -fdata-sections -MMD -MP -MF"src/main.d" -MT"src/main.d" -o "src/main.o" "../src/main.c"
../src/main.c: In function 'main':
../src/main.c:70:5: warning: implicit declaration of function 'time' [-Wimplicit-function-declaration]
     srand((unsigned)time(&t));
     ^
../src/main.c:75:12: error: called object 'vector' is not a function or function pointer
      vector(i)=rand()%255;
            ^
../src/main.c:64:6: note: declared here
  int vector[N];
      ^
../src/main.c:76:32: error: called object 'vector' is not a function or function pointer
      xil_printf("%d\n\r",vector(i));
                                ^
../src/main.c:64:6: note: declared here
  int vector[N];
      ^
../src/main.c:85:16: error: called object 'vector' is not a function or function pointer
       if(vector(k)>vector(k+1))
                ^
../src/main.c:64:6: note: declared here
  int vector[N];
      ^
../src/main.c:85:26: error: called object 'vector' is not a function or function pointer
       if(vector(k)>vector(k+1))
                          ^
../src/main.c:64:6: note: declared here
  int vector[N];
      ^
../src/main.c:87:19: error: called object 'vector' is not a function or function pointer
        temp=vector(k);
                   ^
../src/main.c:64:6: note: declared here
  int vector[N];
      ^
../src/main.c:88:14: error: called object 'vector' is not a function or function pointer
        vector(k)=vector(k+1);
              ^
../src/main.c:64:6: note: declared here
  int vector[N];
      ^
../src/main.c:88:24: error: called object 'vector' is not a function or function pointer
        vector(k)=vector(k+1);
                        ^
../src/main.c:64:6: note: declared here
  int vector[N];
      ^
../src/main.c:89:14: error: called object 'vector' is not a function or function pointer
        vector(k+1)=temp;
              ^
../src/main.c:64:6: note: declared here
  int vector[N];
      ^
../src/main.c:92:32: error: called object 'vector' is not a function or function pointer
      xil_printf("%d\n\r",vector(j));
                                ^
../src/main.c:64:6: note: declared here
  int vector[N];
      ^
../src/main.c:66:20: warning: unused variable 'l' [-Wunused-variable]
     int k,i,j,temp,l;
                    ^
make: *** [src/main.o] Error 1
11:07:37 **** Auto Build of configuration Debug for project EmbeddedLab_SW ****
make all 
'Building file: ../src/main.c'
'Invoking: MicroBlaze gcc compiler'
mb-gcc -Wall -O0 -g3 -c -fmessage-length=0 -MT"src/main.o" -I../../EmbeddedLab_SW_bsp/microblaze_0/include -mlittle-endian -mcpu=v9.4 -mxl-soft-mul -Wl,--no-relax -ffunction-sections -fdata-sections -MMD -MP -MF"src/main.d" -MT"src/main.d" -o "src/main.o" "../src/main.c"
../src/main.c: In function 'main':
../src/main.c:70:5: warning: implicit declaration of function 'time' [-Wimplicit-function-declaration]
     srand((unsigned)time(&t));
     ^
../src/main.c:66:20: warning: unused variable 'l' [-Wunused-variable]
     int k,i,j,temp,l;
                    ^
'Finished building: ../src/main.c'
' '
'Building target: EmbeddedLab_SW.elf'
'Invoking: MicroBlaze gcc linker'
mb-gcc -Wl,-T -Wl,../src/lscript.ld -L../../EmbeddedLab_SW_bsp/microblaze_0/lib -mlittle-endian -mcpu=v9.4 -mxl-soft-mul -Wl,--no-relax -Wl,--gc-sections -o "EmbeddedLab_SW.elf"  ./src/Interrupts.o ./src/Timer.o ./src/UART.o ./src/main.o ./src/platform.o   -Wl,--start-group,-lxil,-lgcc,-lc,--end-group
../../EmbeddedLab_SW_bsp/microblaze_0/lib\libc.a(lib_a-gettimeofdayr.o): In function `_gettimeofday_r':
(.text+0x2c): undefined reference to `gettimeofday'
collect2.exe: error: ld returned 1 exit status
make: *** [EmbeddedLab_SW.elf] Error 1
11:09:13 **** Auto Build of configuration Debug for project EmbeddedLab_SW ****
make all 
'Building file: ../src/main.c'
'Invoking: MicroBlaze gcc compiler'
mb-gcc -Wall -O0 -g3 -c -fmessage-length=0 -MT"src/main.o" -I../../EmbeddedLab_SW_bsp/microblaze_0/include -mlittle-endian -mcpu=v9.4 -mxl-soft-mul -Wl,--no-relax -ffunction-sections -fdata-sections -MMD -MP -MF"src/main.d" -MT"src/main.d" -o "src/main.o" "../src/main.c"
../src/main.c: In function 'main':
../src/main.c:70:5: warning: implicit declaration of function 'time' [-Wimplicit-function-declaration]
     srand((unsigned)time(&t));
     ^
'Finished building: ../src/main.c'
' '
'Building target: EmbeddedLab_SW.elf'
'Invoking: MicroBlaze gcc linker'
mb-gcc -Wl,-T -Wl,../src/lscript.ld -L../../EmbeddedLab_SW_bsp/microblaze_0/lib -mlittle-endian -mcpu=v9.4 -mxl-soft-mul -Wl,--no-relax -Wl,--gc-sections -o "EmbeddedLab_SW.elf"  ./src/Interrupts.o ./src/Timer.o ./src/UART.o ./src/main.o ./src/platform.o   -Wl,--start-group,-lxil,-lgcc,-lc,--end-group
../../EmbeddedLab_SW_bsp/microblaze_0/lib\libc.a(lib_a-gettimeofdayr.o): In function `_gettimeofday_r':
(.text+0x2c): undefined reference to `gettimeofday'
collect2.exe: error: ld returned 1 exit status
make: *** [EmbeddedLab_SW.elf] Error 1
11:10:04 **** Auto Build of configuration Debug for project EmbeddedLab_SW ****
make all 
'Building file: ../src/main.c'
'Invoking: MicroBlaze gcc compiler'
mb-gcc -Wall -O0 -g3 -c -fmessage-length=0 -MT"src/main.o" -I../../EmbeddedLab_SW_bsp/microblaze_0/include -mlittle-endian -mcpu=v9.4 -mxl-soft-mul -Wl,--no-relax -ffunction-sections -fdata-sections -MMD -MP -MF"src/main.d" -MT"src/main.d" -o "src/main.o" "../src/main.c"
../src/main.c: In function 'main':
../src/main.c:70:5: warning: implicit declaration of function 'time' [-Wimplicit-function-declaration]
     srand((unsigned) time(&t));
     ^
'Finished building: ../src/main.c'
' '
'Building target: EmbeddedLab_SW.elf'
'Invoking: MicroBlaze gcc linker'
mb-gcc -Wl,-T -Wl,../src/lscript.ld -L../../EmbeddedLab_SW_bsp/microblaze_0/lib -mlittle-endian -mcpu=v9.4 -mxl-soft-mul -Wl,--no-relax -Wl,--gc-sections -o "EmbeddedLab_SW.elf"  ./src/Interrupts.o ./src/Timer.o ./src/UART.o ./src/main.o ./src/platform.o   -Wl,--start-group,-lxil,-lgcc,-lc,--end-group
../../EmbeddedLab_SW_bsp/microblaze_0/lib\libc.a(lib_a-gettimeofdayr.o): In function `_gettimeofday_r':
(.text+0x2c): undefined reference to `gettimeofday'
collect2.exe: error: ld returned 1 exit status
make: *** [EmbeddedLab_SW.elf] Error 1
11:10:17 **** Auto Build of configuration Debug for project EmbeddedLab_SW ****
make all 
'Building file: ../src/main.c'
'Invoking: MicroBlaze gcc compiler'
mb-gcc -Wall -O0 -g3 -c -fmessage-length=0 -MT"src/main.o" -I../../EmbeddedLab_SW_bsp/microblaze_0/include -mlittle-endian -mcpu=v9.4 -mxl-soft-mul -Wl,--no-relax -ffunction-sections -fdata-sections -MMD -MP -MF"src/main.d" -MT"src/main.d" -o "src/main.o" "../src/main.c"
'Finished building: ../src/main.c'
' '
'Building target: EmbeddedLab_SW.elf'
'Invoking: MicroBlaze gcc linker'
mb-gcc -Wl,-T -Wl,../src/lscript.ld -L../../EmbeddedLab_SW_bsp/microblaze_0/lib -mlittle-endian -mcpu=v9.4 -mxl-soft-mul -Wl,--no-relax -Wl,--gc-sections -o "EmbeddedLab_SW.elf"  ./src/Interrupts.o ./src/Timer.o ./src/UART.o ./src/main.o ./src/platform.o   -Wl,--start-group,-lxil,-lgcc,-lc,--end-group
'Finished building target: EmbeddedLab_SW.elf'
' '
'Invoking: MicroBlaze Print Size'
mb-size EmbeddedLab_SW.elf  |tee "EmbeddedLab_SW.elf.size"
   text	   data	    bss	    dec	    hex	filename
  17393	   1384	   2151	  20928	   51c0	EmbeddedLab_SW.elf
'Finished building: EmbeddedLab_SW.elf.size'
' '
11:10:25 **** Incremental Build of configuration Debug for project EmbeddedLab_SW ****
make all 
make: Nothing to be done for `all'.
11:15:00 **** Auto Build of configuration Debug for project EmbeddedLab_SW ****
make all 
'Building file: ../src/main.c'
'Invoking: MicroBlaze gcc compiler'
mb-gcc -Wall -O0 -g3 -c -fmessage-length=0 -MT"src/main.o" -I../../EmbeddedLab_SW_bsp/microblaze_0/include -mlittle-endian -mcpu=v9.4 -mxl-soft-mul -Wl,--no-relax -ffunction-sections -fdata-sections -MMD -MP -MF"src/main.d" -MT"src/main.d" -o "src/main.o" "../src/main.c"
'Finished building: ../src/main.c'
' '
'Building target: EmbeddedLab_SW.elf'
'Invoking: MicroBlaze gcc linker'
mb-gcc -Wl,-T -Wl,../src/lscript.ld -L../../EmbeddedLab_SW_bsp/microblaze_0/lib -mlittle-endian -mcpu=v9.4 -mxl-soft-mul -Wl,--no-relax -Wl,--gc-sections -o "EmbeddedLab_SW.elf"  ./src/Interrupts.o ./src/Timer.o ./src/UART.o ./src/main.o ./src/platform.o   -Wl,--start-group,-lxil,-lgcc,-lc,--end-group
'Finished building target: EmbeddedLab_SW.elf'
' '
'Invoking: MicroBlaze Print Size'
mb-size EmbeddedLab_SW.elf  |tee "EmbeddedLab_SW.elf.size"
   text	   data	    bss	    dec	    hex	filename
  17401	   1384	   2151	  20936	   51c8	EmbeddedLab_SW.elf
'Finished building: EmbeddedLab_SW.elf.size'
' '
11:15:10 **** Incremental Build of configuration Debug for project EmbeddedLab_SW ****
make all 
make: Nothing to be done for `all'.
11:15:49 **** Incremental Build of configuration Debug for project EmbeddedLab_SW ****
make all 
make: Nothing to be done for `all'.
11:17:35 **** Auto Build of configuration Debug for project EmbeddedLab_SW ****
make all 
'Building file: ../src/main.c'
'Invoking: MicroBlaze gcc compiler'
mb-gcc -Wall -O0 -g3 -c -fmessage-length=0 -MT"src/main.o" -I../../EmbeddedLab_SW_bsp/microblaze_0/include -mlittle-endian -mcpu=v9.4 -mxl-soft-mul -Wl,--no-relax -ffunction-sections -fdata-sections -MMD -MP -MF"src/main.d" -MT"src/main.d" -o "src/main.o" "../src/main.c"
'Finished building: ../src/main.c'
' '
'Building target: EmbeddedLab_SW.elf'
'Invoking: MicroBlaze gcc linker'
mb-gcc -Wl,-T -Wl,../src/lscript.ld -L../../EmbeddedLab_SW_bsp/microblaze_0/lib -mlittle-endian -mcpu=v9.4 -mxl-soft-mul -Wl,--no-relax -Wl,--gc-sections -o "EmbeddedLab_SW.elf"  ./src/Interrupts.o ./src/Timer.o ./src/UART.o ./src/main.o ./src/platform.o   -Wl,--start-group,-lxil,-lgcc,-lc,--end-group
'Finished building target: EmbeddedLab_SW.elf'
' '
'Invoking: MicroBlaze Print Size'
mb-size EmbeddedLab_SW.elf  |tee "EmbeddedLab_SW.elf.size"
   text	   data	    bss	    dec	    hex	filename
  17961	   1384	   2151	  21496	   53f8	EmbeddedLab_SW.elf
'Finished building: EmbeddedLab_SW.elf.size'
' '
11:17:38 **** Incremental Build of configuration Debug for project EmbeddedLab_SW ****
make all 
make: Nothing to be done for `all'.
11:18:07 **** Auto Build of configuration Debug for project EmbeddedLab_SW ****
make all 
'Building file: ../src/main.c'
'Invoking: MicroBlaze gcc compiler'
mb-gcc -Wall -O0 -g3 -c -fmessage-length=0 -MT"src/main.o" -I../../EmbeddedLab_SW_bsp/microblaze_0/include -mlittle-endian -mcpu=v9.4 -mxl-soft-mul -Wl,--no-relax -ffunction-sections -fdata-sections -MMD -MP -MF"src/main.d" -MT"src/main.d" -o "src/main.o" "../src/main.c"
'Finished building: ../src/main.c'
' '
'Building target: EmbeddedLab_SW.elf'
'Invoking: MicroBlaze gcc linker'
mb-gcc -Wl,-T -Wl,../src/lscript.ld -L../../EmbeddedLab_SW_bsp/microblaze_0/lib -mlittle-endian -mcpu=v9.4 -mxl-soft-mul -Wl,--no-relax -Wl,--gc-sections -o "EmbeddedLab_SW.elf"  ./src/Interrupts.o ./src/Timer.o ./src/UART.o ./src/main.o ./src/platform.o   -Wl,--start-group,-lxil,-lgcc,-lc,--end-group
'Finished building target: EmbeddedLab_SW.elf'
' '
'Invoking: MicroBlaze Print Size'
mb-size EmbeddedLab_SW.elf  |tee "EmbeddedLab_SW.elf.size"
   text	   data	    bss	    dec	    hex	filename
  17961	   1384	   2151	  21496	   53f8	EmbeddedLab_SW.elf
'Finished building: EmbeddedLab_SW.elf.size'
' '
11:18:09 **** Incremental Build of configuration Debug for project EmbeddedLab_SW ****
make all 
make: Nothing to be done for `all'.
11:27:00 **** Auto Build of configuration Debug for project EmbeddedLab_SW ****
make all 
'Building file: ../src/main.c'
'Invoking: MicroBlaze gcc compiler'
mb-gcc -Wall -O0 -g3 -c -fmessage-length=0 -MT"src/main.o" -I../../EmbeddedLab_SW_bsp/microblaze_0/include -mlittle-endian -mcpu=v9.4 -mxl-soft-mul -Wl,--no-relax -ffunction-sections -fdata-sections -MMD -MP -MF"src/main.d" -MT"src/main.d" -o "src/main.o" "../src/main.c"
'Finished building: ../src/main.c'
' '
'Building target: EmbeddedLab_SW.elf'
'Invoking: MicroBlaze gcc linker'
mb-gcc -Wl,-T -Wl,../src/lscript.ld -L../../EmbeddedLab_SW_bsp/microblaze_0/lib -mlittle-endian -mcpu=v9.4 -mxl-soft-mul -Wl,--no-relax -Wl,--gc-sections -o "EmbeddedLab_SW.elf"  ./src/Interrupts.o ./src/Timer.o ./src/UART.o ./src/main.o ./src/platform.o   -Wl,--start-group,-lxil,-lgcc,-lc,--end-group
'Finished building target: EmbeddedLab_SW.elf'
' '
'Invoking: MicroBlaze Print Size'
mb-size EmbeddedLab_SW.elf  |tee "EmbeddedLab_SW.elf.size"
   text	   data	    bss	    dec	    hex	filename
  17961	   1384	   2151	  21496	   53f8	EmbeddedLab_SW.elf
'Finished building: EmbeddedLab_SW.elf.size'
' '
11:27:02 **** Incremental Build of configuration Debug for project EmbeddedLab_SW ****
make all 
make: Nothing to be done for `all'.
11:28:15 **** Auto Build of configuration Debug for project EmbeddedLab_SW ****
make all 
'Building file: ../src/main.c'
'Invoking: MicroBlaze gcc compiler'
mb-gcc -Wall -O0 -g3 -c -fmessage-length=0 -MT"src/main.o" -I../../EmbeddedLab_SW_bsp/microblaze_0/include -mlittle-endian -mcpu=v9.4 -mxl-soft-mul -Wl,--no-relax -ffunction-sections -fdata-sections -MMD -MP -MF"src/main.d" -MT"src/main.d" -o "src/main.o" "../src/main.c"
'Finished building: ../src/main.c'
' '
'Building target: EmbeddedLab_SW.elf'
'Invoking: MicroBlaze gcc linker'
mb-gcc -Wl,-T -Wl,../src/lscript.ld -L../../EmbeddedLab_SW_bsp/microblaze_0/lib -mlittle-endian -mcpu=v9.4 -mxl-soft-mul -Wl,--no-relax -Wl,--gc-sections -o "EmbeddedLab_SW.elf"  ./src/Interrupts.o ./src/Timer.o ./src/UART.o ./src/main.o ./src/platform.o   -Wl,--start-group,-lxil,-lgcc,-lc,--end-group
'Finished building target: EmbeddedLab_SW.elf'
' '
'Invoking: MicroBlaze Print Size'
mb-size EmbeddedLab_SW.elf  |tee "EmbeddedLab_SW.elf.size"
   text	   data	    bss	    dec	    hex	filename
  17957	   1384	   2144	  21485	   53ed	EmbeddedLab_SW.elf
'Finished building: EmbeddedLab_SW.elf.size'
' '
11:28:20 **** Incremental Build of configuration Debug for project EmbeddedLab_SW ****
make all 
make: Nothing to be done for `all'.
11:31:47 **** Auto Build of configuration Debug for project EmbeddedLab_SW ****
make all 
'Building file: ../src/main.c'
'Invoking: MicroBlaze gcc compiler'
mb-gcc -Wall -O0 -g3 -c -fmessage-length=0 -MT"src/main.o" -I../../EmbeddedLab_SW_bsp/microblaze_0/include -mlittle-endian -mcpu=v9.4 -mxl-soft-mul -Wl,--no-relax -ffunction-sections -fdata-sections -MMD -MP -MF"src/main.d" -MT"src/main.d" -o "src/main.o" "../src/main.c"
'Finished building: ../src/main.c'
' '
'Building target: EmbeddedLab_SW.elf'
'Invoking: MicroBlaze gcc linker'
mb-gcc -Wl,-T -Wl,../src/lscript.ld -L../../EmbeddedLab_SW_bsp/microblaze_0/lib -mlittle-endian -mcpu=v9.4 -mxl-soft-mul -Wl,--no-relax -Wl,--gc-sections -o "EmbeddedLab_SW.elf"  ./src/Interrupts.o ./src/Timer.o ./src/UART.o ./src/main.o ./src/platform.o   -Wl,--start-group,-lxil,-lgcc,-lc,--end-group
'Finished building target: EmbeddedLab_SW.elf'
' '
'Invoking: MicroBlaze Print Size'
mb-size EmbeddedLab_SW.elf  |tee "EmbeddedLab_SW.elf.size"
   text	   data	    bss	    dec	    hex	filename
  17997	   1384	   2144	  21525	   5415	EmbeddedLab_SW.elf
'Finished building: EmbeddedLab_SW.elf.size'
' '
11:31:50 **** Incremental Build of configuration Debug for project EmbeddedLab_SW ****
make all 
make: Nothing to be done for `all'.
12:18:06 **** Auto Build of configuration Debug for project EmbeddedLab_SW ****
make all 
'Building file: ../src/main.c'
'Invoking: MicroBlaze gcc compiler'
mb-gcc -Wall -O0 -g3 -c -fmessage-length=0 -MT"src/main.o" -I../../EmbeddedLab_SW_bsp/microblaze_0/include -mlittle-endian -mcpu=v9.4 -mxl-soft-mul -Wl,--no-relax -ffunction-sections -fdata-sections -MMD -MP -MF"src/main.d" -MT"src/main.d" -o "src/main.o" "../src/main.c"
../src/main.c: In function 'main':
../src/main.c:98:3: error: 'rts_1' undeclared (first use in this function)
  *rts_1 = 0x01;
   ^
../src/main.c:98:3: note: each undeclared identifier is reported only once for each function it appears in
../src/main.c:108:5: error: 'Status' undeclared (first use in this function)
     Status = SetupInterruptSystem(&UART_Inst_Ptr_1, UART_1_INT_IRQ_ID, &UART_Inst_Ptr_2, UART_2_INT_IRQ_ID, &TimerCounterInst_0, TMRCTR_INTERRUPT_ID_0);
     ^
make: *** [src/main.o] Error 1
12:18:47 **** Auto Build of configuration Debug for project EmbeddedLab_SW ****
make all 
'Building file: ../src/main.c'
'Invoking: MicroBlaze gcc compiler'
mb-gcc -Wall -O0 -g3 -c -fmessage-length=0 -MT"src/main.o" -I../../EmbeddedLab_SW_bsp/microblaze_0/include -mlittle-endian -mcpu=v9.4 -mxl-soft-mul -Wl,--no-relax -ffunction-sections -fdata-sections -MMD -MP -MF"src/main.d" -MT"src/main.d" -o "src/main.o" "../src/main.c"
../src/main.c: In function 'main':
../src/main.c:62:17: warning: unused variable 'cts_1' [-Wunused-variable]
  unsigned char *cts_1   = (unsigned char*) UART1_CTS_ADDR;
                 ^
'Finished building: ../src/main.c'
' '
'Building target: EmbeddedLab_SW.elf'
'Invoking: MicroBlaze gcc linker'
mb-gcc -Wl,-T -Wl,../src/lscript.ld -L../../EmbeddedLab_SW_bsp/microblaze_0/lib -mlittle-endian -mcpu=v9.4 -mxl-soft-mul -Wl,--no-relax -Wl,--gc-sections -o "EmbeddedLab_SW.elf"  ./src/Interrupts.o ./src/Timer.o ./src/UART.o ./src/main.o ./src/platform.o   -Wl,--start-group,-lxil,-lgcc,-lc,--end-group
'Finished building target: EmbeddedLab_SW.elf'
' '
'Invoking: MicroBlaze Print Size'
mb-size EmbeddedLab_SW.elf  |tee "EmbeddedLab_SW.elf.size"
   text	   data	    bss	    dec	    hex	filename
  13288	    428	   2436	  16152	   3f18	EmbeddedLab_SW.elf
'Finished building: EmbeddedLab_SW.elf.size'
' '
12:19:00 **** Incremental Build of configuration Debug for project EmbeddedLab_SW ****
make all 
make: Nothing to be done for `all'.
12:29:55 **** Auto Build of configuration Debug for project EmbeddedLab_SW ****
make all 
'Building file: ../src/Timer.c'
'Invoking: MicroBlaze gcc compiler'
mb-gcc -Wall -O0 -g3 -c -fmessage-length=0 -MT"src/Timer.o" -I../../EmbeddedLab_SW_bsp/microblaze_0/include -mlittle-endian -mcpu=v9.4 -mxl-soft-mul -Wl,--no-relax -ffunction-sections -fdata-sections -MMD -MP -MF"src/Timer.d" -MT"src/Timer.d" -o "src/Timer.o" "../src/Timer.c"
In file included from ../src/Timer.h:11:0,
                 from ../src/Timer.c:7:
../src/Timer.c: In function 'TimerCounterHandler':
../../EmbeddedLab_SW_bsp/microblaze_0/include/xparameters.h:521:30: warning: initialization makes pointer from integer without a cast [enabled by default]
 #define XPAR_GPIO_0_BASEADDR 0x40040000
                              ^
../src/Timer.c:71:14: note: in expansion of macro 'XPAR_GPIO_0_BASEADDR'
  int * LED = XPAR_GPIO_0_BASEADDR;
              ^
'Finished building: ../src/Timer.c'
' '
'Building file: ../src/main.c'
'Invoking: MicroBlaze gcc compiler'
mb-gcc -Wall -O0 -g3 -c -fmessage-length=0 -MT"src/main.o" -I../../EmbeddedLab_SW_bsp/microblaze_0/include -mlittle-endian -mcpu=v9.4 -mxl-soft-mul -Wl,--no-relax -ffunction-sections -fdata-sections -MMD -MP -MF"src/main.d" -MT"src/main.d" -o "src/main.o" "../src/main.c"
../src/main.c: In function 'main':
../src/main.c:62:17: warning: unused variable 'cts_1' [-Wunused-variable]
  unsigned char *cts_1   = (unsigned char*) UART1_CTS_ADDR;
                 ^
'Finished building: ../src/main.c'
' '
'Building target: EmbeddedLab_SW.elf'
'Invoking: MicroBlaze gcc linker'
mb-gcc -Wl,-T -Wl,../src/lscript.ld -L../../EmbeddedLab_SW_bsp/microblaze_0/lib -mlittle-endian -mcpu=v9.4 -mxl-soft-mul -Wl,--no-relax -Wl,--gc-sections -o "EmbeddedLab_SW.elf"  ./src/Interrupts.o ./src/Timer.o ./src/UART.o ./src/main.o ./src/platform.o   -Wl,--start-group,-lxil,-lgcc,-lc,--end-group
'Finished building target: EmbeddedLab_SW.elf'
' '
'Invoking: MicroBlaze Print Size'
mb-size EmbeddedLab_SW.elf  |tee "EmbeddedLab_SW.elf.size"
   text	   data	    bss	    dec	    hex	filename
  13288	    428	   2436	  16152	   3f18	EmbeddedLab_SW.elf
'Finished building: EmbeddedLab_SW.elf.size'
' '
12:31:52 **** Incremental Build of configuration Debug for project EmbeddedLab_SW ****
make all 
make: Nothing to be done for `all'.
12:32:37 **** Auto Build of configuration Debug for project EmbeddedLab_SW ****
make all 
'Building file: ../src/Timer.c'
'Invoking: MicroBlaze gcc compiler'
mb-gcc -Wall -O0 -g3 -c -fmessage-length=0 -MT"src/Timer.o" -I../../EmbeddedLab_SW_bsp/microblaze_0/include -mlittle-endian -mcpu=v9.4 -mxl-soft-mul -Wl,--no-relax -ffunction-sections -fdata-sections -MMD -MP -MF"src/Timer.d" -MT"src/Timer.d" -o "src/Timer.o" "../src/Timer.c"
In file included from ../src/Timer.h:11:0,
                 from ../src/Timer.c:7:
../src/Timer.c: In function 'TimerCounterHandler':
../../EmbeddedLab_SW_bsp/microblaze_0/include/xparameters.h:521:30: warning: initialization makes pointer from integer without a cast [enabled by default]
 #define XPAR_GPIO_0_BASEADDR 0x40040000
                              ^
../src/Timer.c:71:14: note: in expansion of macro 'XPAR_GPIO_0_BASEADDR'
  int * LED = XPAR_GPIO_0_BASEADDR;
              ^
'Finished building: ../src/Timer.c'
' '
'Building file: ../src/main.c'
'Invoking: MicroBlaze gcc compiler'
mb-gcc -Wall -O0 -g3 -c -fmessage-length=0 -MT"src/main.o" -I../../EmbeddedLab_SW_bsp/microblaze_0/include -mlittle-endian -mcpu=v9.4 -mxl-soft-mul -Wl,--no-relax -ffunction-sections -fdata-sections -MMD -MP -MF"src/main.d" -MT"src/main.d" -o "src/main.o" "../src/main.c"
../src/main.c: In function 'main':
../src/main.c:62:17: warning: unused variable 'cts_1' [-Wunused-variable]
  unsigned char *cts_1   = (unsigned char*) UART1_CTS_ADDR;
                 ^
'Finished building: ../src/main.c'
' '
'Building target: EmbeddedLab_SW.elf'
'Invoking: MicroBlaze gcc linker'
mb-gcc -Wl,-T -Wl,../src/lscript.ld -L../../EmbeddedLab_SW_bsp/microblaze_0/lib -mlittle-endian -mcpu=v9.4 -mxl-soft-mul -Wl,--no-relax -Wl,--gc-sections -o "EmbeddedLab_SW.elf"  ./src/Interrupts.o ./src/Timer.o ./src/UART.o ./src/main.o ./src/platform.o   -Wl,--start-group,-lxil,-lgcc,-lc,--end-group
'Finished building target: EmbeddedLab_SW.elf'
' '
'Invoking: MicroBlaze Print Size'
mb-size EmbeddedLab_SW.elf  |tee "EmbeddedLab_SW.elf.size"
   text	   data	    bss	    dec	    hex	filename
  13288	    428	   2436	  16152	   3f18	EmbeddedLab_SW.elf
'Finished building: EmbeddedLab_SW.elf.size'
' '
12:32:43 **** Incremental Build of configuration Debug for project EmbeddedLab_SW ****
make all 
make: Nothing to be done for `all'.
12:35:01 **** Auto Build of configuration Debug for project EmbeddedLab_SW ****
make all 
'Building file: ../src/Timer.c'
'Invoking: MicroBlaze gcc compiler'
mb-gcc -Wall -O0 -g3 -c -fmessage-length=0 -MT"src/Timer.o" -I../../EmbeddedLab_SW_bsp/microblaze_0/include -mlittle-endian -mcpu=v9.4 -mxl-soft-mul -Wl,--no-relax -ffunction-sections -fdata-sections -MMD -MP -MF"src/Timer.d" -MT"src/Timer.d" -o "src/Timer.o" "../src/Timer.c"
In file included from ../src/Timer.h:11:0,
                 from ../src/Timer.c:7:
../src/Timer.c: In function 'TimerCounterHandler':
../../EmbeddedLab_SW_bsp/microblaze_0/include/xparameters.h:521:30: warning: initialization makes pointer from integer without a cast [enabled by default]
 #define XPAR_GPIO_0_BASEADDR 0x40040000
                              ^
../src/Timer.c:71:14: note: in expansion of macro 'XPAR_GPIO_0_BASEADDR'
  int * LED = XPAR_GPIO_0_BASEADDR;
              ^
'Finished building: ../src/Timer.c'
' '
'Building file: ../src/main.c'
'Invoking: MicroBlaze gcc compiler'
mb-gcc -Wall -O0 -g3 -c -fmessage-length=0 -MT"src/main.o" -I../../EmbeddedLab_SW_bsp/microblaze_0/include -mlittle-endian -mcpu=v9.4 -mxl-soft-mul -Wl,--no-relax -ffunction-sections -fdata-sections -MMD -MP -MF"src/main.d" -MT"src/main.d" -o "src/main.o" "../src/main.c"
../src/main.c: In function 'main':
../src/main.c:62:17: warning: unused variable 'cts_1' [-Wunused-variable]
  unsigned char *cts_1   = (unsigned char*) UART1_CTS_ADDR;
                 ^
'Finished building: ../src/main.c'
' '
'Building target: EmbeddedLab_SW.elf'
'Invoking: MicroBlaze gcc linker'
mb-gcc -Wl,-T -Wl,../src/lscript.ld -L../../EmbeddedLab_SW_bsp/microblaze_0/lib -mlittle-endian -mcpu=v9.4 -mxl-soft-mul -Wl,--no-relax -Wl,--gc-sections -o "EmbeddedLab_SW.elf"  ./src/Interrupts.o ./src/Timer.o ./src/UART.o ./src/main.o ./src/platform.o   -Wl,--start-group,-lxil,-lgcc,-lc,--end-group
'Finished building target: EmbeddedLab_SW.elf'
' '
'Invoking: MicroBlaze Print Size'
mb-size EmbeddedLab_SW.elf  |tee "EmbeddedLab_SW.elf.size"
   text	   data	    bss	    dec	    hex	filename
  13288	    428	   2436	  16152	   3f18	EmbeddedLab_SW.elf
'Finished building: EmbeddedLab_SW.elf.size'
' '
12:35:04 **** Incremental Build of configuration Debug for project EmbeddedLab_SW ****
make all 
make: Nothing to be done for `all'.
12:35:39 **** Auto Build of configuration Debug for project EmbeddedLab_SW ****
make all 
'Building file: ../src/Timer.c'
'Invoking: MicroBlaze gcc compiler'
mb-gcc -Wall -O0 -g3 -c -fmessage-length=0 -MT"src/Timer.o" -I../../EmbeddedLab_SW_bsp/microblaze_0/include -mlittle-endian -mcpu=v9.4 -mxl-soft-mul -Wl,--no-relax -ffunction-sections -fdata-sections -MMD -MP -MF"src/Timer.d" -MT"src/Timer.d" -o "src/Timer.o" "../src/Timer.c"
In file included from ../src/Timer.h:11:0,
                 from ../src/Timer.c:7:
../src/Timer.c: In function 'TimerCounterHandler':
../../EmbeddedLab_SW_bsp/microblaze_0/include/xparameters.h:521:30: warning: initialization makes pointer from integer without a cast [enabled by default]
 #define XPAR_GPIO_0_BASEADDR 0x40040000
                              ^
../src/Timer.c:71:14: note: in expansion of macro 'XPAR_GPIO_0_BASEADDR'
  int * LED = XPAR_GPIO_0_BASEADDR;
              ^
'Finished building: ../src/Timer.c'
' '
'Building file: ../src/main.c'
'Invoking: MicroBlaze gcc compiler'
mb-gcc -Wall -O0 -g3 -c -fmessage-length=0 -MT"src/main.o" -I../../EmbeddedLab_SW_bsp/microblaze_0/include -mlittle-endian -mcpu=v9.4 -mxl-soft-mul -Wl,--no-relax -ffunction-sections -fdata-sections -MMD -MP -MF"src/main.d" -MT"src/main.d" -o "src/main.o" "../src/main.c"
../src/main.c: In function 'main':
../src/main.c:62:17: warning: unused variable 'cts_1' [-Wunused-variable]
  unsigned char *cts_1   = (unsigned char*) UART1_CTS_ADDR;
                 ^
'Finished building: ../src/main.c'
' '
'Building target: EmbeddedLab_SW.elf'
'Invoking: MicroBlaze gcc linker'
mb-gcc -Wl,-T -Wl,../src/lscript.ld -L../../EmbeddedLab_SW_bsp/microblaze_0/lib -mlittle-endian -mcpu=v9.4 -mxl-soft-mul -Wl,--no-relax -Wl,--gc-sections -o "EmbeddedLab_SW.elf"  ./src/Interrupts.o ./src/Timer.o ./src/UART.o ./src/main.o ./src/platform.o   -Wl,--start-group,-lxil,-lgcc,-lc,--end-group
'Finished building target: EmbeddedLab_SW.elf'
' '
'Invoking: MicroBlaze Print Size'
mb-size EmbeddedLab_SW.elf  |tee "EmbeddedLab_SW.elf.size"
   text	   data	    bss	    dec	    hex	filename
  13288	    428	   2436	  16152	   3f18	EmbeddedLab_SW.elf
'Finished building: EmbeddedLab_SW.elf.size'
' '
12:48:27 **** Auto Build of configuration Debug for project EmbeddedLab_SW ****
make all 
'Building file: ../src/Timer.c'
'Invoking: MicroBlaze gcc compiler'
mb-gcc -Wall -O0 -g3 -c -fmessage-length=0 -MT"src/Timer.o" -I../../EmbeddedLab_SW_bsp/microblaze_0/include -mlittle-endian -mcpu=v9.4 -mxl-soft-mul -Wl,--no-relax -ffunction-sections -fdata-sections -MMD -MP -MF"src/Timer.d" -MT"src/Timer.d" -o "src/Timer.o" "../src/Timer.c"
In file included from ../src/Timer.h:11:0,
                 from ../src/Timer.c:7:
../src/Timer.c: In function 'TimerCounterHandler':
../../EmbeddedLab_SW_bsp/microblaze_0/include/xparameters.h:521:30: warning: initialization makes pointer from integer without a cast [enabled by default]
 #define XPAR_GPIO_0_BASEADDR 0x40040000
                              ^
../src/Timer.c:71:14: note: in expansion of macro 'XPAR_GPIO_0_BASEADDR'
  int * LED = XPAR_GPIO_0_BASEADDR;
              ^
'Finished building: ../src/Timer.c'
' '
'Building file: ../src/main.c'
'Invoking: MicroBlaze gcc compiler'
mb-gcc -Wall -O0 -g3 -c -fmessage-length=0 -MT"src/main.o" -I../../EmbeddedLab_SW_bsp/microblaze_0/include -mlittle-endian -mcpu=v9.4 -mxl-soft-mul -Wl,--no-relax -ffunction-sections -fdata-sections -MMD -MP -MF"src/main.d" -MT"src/main.d" -o "src/main.o" "../src/main.c"
../src/main.c: In function 'main':
../src/main.c:62:17: warning: unused variable 'cts_1' [-Wunused-variable]
  unsigned char *cts_1   = (unsigned char*) UART1_CTS_ADDR;
                 ^
'Finished building: ../src/main.c'
' '
'Building target: EmbeddedLab_SW.elf'
'Invoking: MicroBlaze gcc linker'
mb-gcc -Wl,-T -Wl,../src/lscript.ld -L../../EmbeddedLab_SW_bsp/microblaze_0/lib -mlittle-endian -mcpu=v9.4 -mxl-soft-mul -Wl,--no-relax -Wl,--gc-sections -o "EmbeddedLab_SW.elf"  ./src/Interrupts.o ./src/Timer.o ./src/UART.o ./src/main.o ./src/platform.o   -Wl,--start-group,-lxil,-lgcc,-lc,--end-group
'Finished building target: EmbeddedLab_SW.elf'
' '
'Invoking: MicroBlaze Print Size'
mb-size EmbeddedLab_SW.elf  |tee "EmbeddedLab_SW.elf.size"
   text	   data	    bss	    dec	    hex	filename
  13288	    428	   2436	  16152	   3f18	EmbeddedLab_SW.elf
'Finished building: EmbeddedLab_SW.elf.size'
' '
12:48:30 **** Incremental Build of configuration Debug for project EmbeddedLab_SW ****
make all 
make: Nothing to be done for `all'.
12:48:52 **** Auto Build of configuration Debug for project EmbeddedLab_SW ****
make all 
'Building file: ../src/Timer.c'
'Invoking: MicroBlaze gcc compiler'
mb-gcc -Wall -O0 -g3 -c -fmessage-length=0 -MT"src/Timer.o" -I../../EmbeddedLab_SW_bsp/microblaze_0/include -mlittle-endian -mcpu=v9.4 -mxl-soft-mul -Wl,--no-relax -ffunction-sections -fdata-sections -MMD -MP -MF"src/Timer.d" -MT"src/Timer.d" -o "src/Timer.o" "../src/Timer.c"
In file included from ../src/Timer.h:11:0,
                 from ../src/Timer.c:7:
../src/Timer.c: In function 'TimerCounterHandler':
../../EmbeddedLab_SW_bsp/microblaze_0/include/xparameters.h:521:30: warning: initialization makes pointer from integer without a cast [enabled by default]
 #define XPAR_GPIO_0_BASEADDR 0x40040000
                              ^
../src/Timer.c:71:14: note: in expansion of macro 'XPAR_GPIO_0_BASEADDR'
  int * LED = XPAR_GPIO_0_BASEADDR;
              ^
'Finished building: ../src/Timer.c'
' '
'Building file: ../src/main.c'
'Invoking: MicroBlaze gcc compiler'
mb-gcc -Wall -O0 -g3 -c -fmessage-length=0 -MT"src/main.o" -I../../EmbeddedLab_SW_bsp/microblaze_0/include -mlittle-endian -mcpu=v9.4 -mxl-soft-mul -Wl,--no-relax -ffunction-sections -fdata-sections -MMD -MP -MF"src/main.d" -MT"src/main.d" -o "src/main.o" "../src/main.c"
../src/main.c: In function 'main':
../src/main.c:62:17: warning: unused variable 'cts_1' [-Wunused-variable]
  unsigned char *cts_1   = (unsigned char*) UART1_CTS_ADDR;
                 ^
'Finished building: ../src/main.c'
' '
'Building target: EmbeddedLab_SW.elf'
'Invoking: MicroBlaze gcc linker'
mb-gcc -Wl,-T -Wl,../src/lscript.ld -L../../EmbeddedLab_SW_bsp/microblaze_0/lib -mlittle-endian -mcpu=v9.4 -mxl-soft-mul -Wl,--no-relax -Wl,--gc-sections -o "EmbeddedLab_SW.elf"  ./src/Interrupts.o ./src/Timer.o ./src/UART.o ./src/main.o ./src/platform.o   -Wl,--start-group,-lxil,-lgcc,-lc,--end-group
'Finished building target: EmbeddedLab_SW.elf'
' '
'Invoking: MicroBlaze Print Size'
mb-size EmbeddedLab_SW.elf  |tee "EmbeddedLab_SW.elf.size"
   text	   data	    bss	    dec	    hex	filename
  13288	    428	   2436	  16152	   3f18	EmbeddedLab_SW.elf
'Finished building: EmbeddedLab_SW.elf.size'
' '
12:48:59 **** Incremental Build of configuration Debug for project EmbeddedLab_SW ****
make all 
make: Nothing to be done for `all'.
12:54:25 **** Auto Build of configuration Debug for project EmbeddedLab_SW ****
make all 
'Building file: ../src/Timer.c'
'Invoking: MicroBlaze gcc compiler'
mb-gcc -Wall -O0 -g3 -c -fmessage-length=0 -MT"src/Timer.o" -I../../EmbeddedLab_SW_bsp/microblaze_0/include -mlittle-endian -mcpu=v9.4 -mxl-soft-mul -Wl,--no-relax -ffunction-sections -fdata-sections -MMD -MP -MF"src/Timer.d" -MT"src/Timer.d" -o "src/Timer.o" "../src/Timer.c"
In file included from ../src/Timer.h:11:0,
                 from ../src/Timer.c:7:
../src/Timer.c: In function 'TimerCounterHandler':
../../EmbeddedLab_SW_bsp/microblaze_0/include/xparameters.h:521:30: warning: initialization makes pointer from integer without a cast [enabled by default]
 #define XPAR_GPIO_0_BASEADDR 0x40040000
                              ^
../src/Timer.c:71:14: note: in expansion of macro 'XPAR_GPIO_0_BASEADDR'
  int * LED = XPAR_GPIO_0_BASEADDR;
              ^
'Finished building: ../src/Timer.c'
' '
'Building file: ../src/main.c'
'Invoking: MicroBlaze gcc compiler'
mb-gcc -Wall -O0 -g3 -c -fmessage-length=0 -MT"src/main.o" -I../../EmbeddedLab_SW_bsp/microblaze_0/include -mlittle-endian -mcpu=v9.4 -mxl-soft-mul -Wl,--no-relax -ffunction-sections -fdata-sections -MMD -MP -MF"src/main.d" -MT"src/main.d" -o "src/main.o" "../src/main.c"
../src/main.c: In function 'main':
../src/main.c:62:17: warning: unused variable 'cts_1' [-Wunused-variable]
  unsigned char *cts_1   = (unsigned char*) UART1_CTS_ADDR;
                 ^
'Finished building: ../src/main.c'
' '
'Building target: EmbeddedLab_SW.elf'
'Invoking: MicroBlaze gcc linker'
mb-gcc -Wl,-T -Wl,../src/lscript.ld -L../../EmbeddedLab_SW_bsp/microblaze_0/lib -mlittle-endian -mcpu=v9.4 -mxl-soft-mul -Wl,--no-relax -Wl,--gc-sections -o "EmbeddedLab_SW.elf"  ./src/Interrupts.o ./src/Timer.o ./src/UART.o ./src/main.o ./src/platform.o   -Wl,--start-group,-lxil,-lgcc,-lc,--end-group
'Finished building target: EmbeddedLab_SW.elf'
' '
'Invoking: MicroBlaze Print Size'
mb-size EmbeddedLab_SW.elf  |tee "EmbeddedLab_SW.elf.size"
   text	   data	    bss	    dec	    hex	filename
  13288	    428	   2436	  16152	   3f18	EmbeddedLab_SW.elf
'Finished building: EmbeddedLab_SW.elf.size'
' '
12:54:28 **** Incremental Build of configuration Debug for project EmbeddedLab_SW ****
make all 
make: Nothing to be done for `all'.
13:22:12 **** Auto Build of configuration Debug for project EmbeddedLab_SW ****
make all 
'Building file: ../src/Timer.c'
'Invoking: MicroBlaze gcc compiler'
mb-gcc -Wall -O0 -g3 -c -fmessage-length=0 -MT"src/Timer.o" -I../../EmbeddedLab_SW_bsp/microblaze_0/include -mlittle-endian -mcpu=v9.4 -mxl-soft-mul -Wl,--no-relax -ffunction-sections -fdata-sections -MMD -MP -MF"src/Timer.d" -MT"src/Timer.d" -o "src/Timer.o" "../src/Timer.c"
../src/Timer.c:69:6: error: conflicting types for 'TimerCounterHandler'
 void TimerCounterHandler(void *CallBackRef, u8 TmrCtrNumber,int j,int vector[])
      ^
In file included from ../src/Timer.c:7:0:
../src/Timer.h:16:6: note: previous declaration of 'TimerCounterHandler' was here
 void TimerCounterHandler(void *CallBackRef, u8 TmrCtrNumber);
      ^
In file included from ../src/Timer.h:11:0,
                 from ../src/Timer.c:7:
../src/Timer.c: In function 'TimerCounterHandler':
../../EmbeddedLab_SW_bsp/microblaze_0/include/xparameters.h:521:30: warning: initialization makes pointer from integer without a cast [enabled by default]
 #define XPAR_GPIO_0_BASEADDR 0x40040000
                              ^
../src/Timer.c:72:14: note: in expansion of macro 'XPAR_GPIO_0_BASEADDR'
  int * LED = XPAR_GPIO_0_BASEADDR;
              ^
../src/Timer.c:76:21: error: 'N' undeclared (first use in this function)
  for(times=0;times<=N-j;k++)
                     ^
../src/Timer.c:76:21: note: each undeclared identifier is reported only once for each function it appears in
../src/Timer.c:76:25: error: 'k' undeclared (first use in this function)
  for(times=0;times<=N-j;k++)
                         ^
../src/Timer.c:78:11: error: 'second' undeclared (first use in this function)
        if(second[k]>second[k+1])
           ^
make: *** [src/Timer.o] Error 1
13:23:04 **** Auto Build of configuration Debug for project EmbeddedLab_SW ****
make all 
'Building file: ../src/Timer.c'
'Invoking: MicroBlaze gcc compiler'
mb-gcc -Wall -O0 -g3 -c -fmessage-length=0 -MT"src/Timer.o" -I../../EmbeddedLab_SW_bsp/microblaze_0/include -mlittle-endian -mcpu=v9.4 -mxl-soft-mul -Wl,--no-relax -ffunction-sections -fdata-sections -MMD -MP -MF"src/Timer.d" -MT"src/Timer.d" -o "src/Timer.o" "../src/Timer.c"
../src/Timer.c: In function 'Timer_Init':
../src/Timer.c:25:2: warning: passing argument 2 of 'XTmrCtr_SetHandler' from incompatible pointer type [enabled by default]
  XTmrCtr_SetHandler(TmrCtrInstancePtr, TimerCounterHandler, TmrCtrInstancePtr);
  ^
In file included from ../src/Timer.h:12:0,
                 from ../src/Timer.c:7:
../../EmbeddedLab_SW_bsp/microblaze_0/include/xtmrctr.h:293:6: note: expected 'XTmrCtr_Handler' but argument is of type 'void (*)(void *, u8,  int,  int *)'
 void XTmrCtr_SetHandler(XTmrCtr * InstancePtr, XTmrCtr_Handler FuncPtr,
      ^
In file included from ../src/Timer.h:11:0,
                 from ../src/Timer.c:7:
../src/Timer.c: In function 'TimerCounterHandler':
../../EmbeddedLab_SW_bsp/microblaze_0/include/xparameters.h:521:30: warning: initialization makes pointer from integer without a cast [enabled by default]
 #define XPAR_GPIO_0_BASEADDR 0x40040000
                              ^
../src/Timer.c:72:14: note: in expansion of macro 'XPAR_GPIO_0_BASEADDR'
  int * LED = XPAR_GPIO_0_BASEADDR;
              ^
../src/Timer.c:76:21: error: 'N' undeclared (first use in this function)
  for(times=0;times<=N-j;k++)
                     ^
../src/Timer.c:76:21: note: each undeclared identifier is reported only once for each function it appears in
../src/Timer.c:76:25: error: 'k' undeclared (first use in this function)
  for(times=0;times<=N-j;k++)
                         ^
../src/Timer.c:78:11: error: 'second' undeclared (first use in this function)
        if(second[k]>second[k+1])
           ^
make: *** [src/Timer.o] Error 1
13:23:06 **** Auto Build of configuration Debug for project EmbeddedLab_SW ****
make all 
'Building file: ../src/Timer.c'
'Invoking: MicroBlaze gcc compiler'
mb-gcc -Wall -O0 -g3 -c -fmessage-length=0 -MT"src/Timer.o" -I../../EmbeddedLab_SW_bsp/microblaze_0/include -mlittle-endian -mcpu=v9.4 -mxl-soft-mul -Wl,--no-relax -ffunction-sections -fdata-sections -MMD -MP -MF"src/Timer.d" -MT"src/Timer.d" -o "src/Timer.o" "../src/Timer.c"
../src/Timer.c: In function 'Timer_Init':
../src/Timer.c:25:2: warning: passing argument 2 of 'XTmrCtr_SetHandler' from incompatible pointer type [enabled by default]
  XTmrCtr_SetHandler(TmrCtrInstancePtr, TimerCounterHandler, TmrCtrInstancePtr);
  ^
In file included from ../src/Timer.h:12:0,
                 from ../src/Timer.c:7:
../../EmbeddedLab_SW_bsp/microblaze_0/include/xtmrctr.h:293:6: note: expected 'XTmrCtr_Handler' but argument is of type 'void (*)(void *, u8,  int,  int *)'
 void XTmrCtr_SetHandler(XTmrCtr * InstancePtr, XTmrCtr_Handler FuncPtr,
      ^
In file included from ../src/Timer.h:11:0,
                 from ../src/Timer.c:7:
../src/Timer.c: In function 'TimerCounterHandler':
../../EmbeddedLab_SW_bsp/microblaze_0/include/xparameters.h:521:30: warning: initialization makes pointer from integer without a cast [enabled by default]
 #define XPAR_GPIO_0_BASEADDR 0x40040000
                              ^
../src/Timer.c:72:14: note: in expansion of macro 'XPAR_GPIO_0_BASEADDR'
  int * LED = XPAR_GPIO_0_BASEADDR;
              ^
../src/Timer.c:76:13: error: 'N' undeclared (first use in this function)
  for(k=0;k<=N-j;k++)
             ^
../src/Timer.c:76:13: note: each undeclared identifier is reported only once for each function it appears in
../src/Timer.c:78:11: error: 'second' undeclared (first use in this function)
        if(second[k]>second[k+1])
           ^
make: *** [src/Timer.o] Error 1
13:23:09 **** Auto Build of configuration Debug for project EmbeddedLab_SW ****
make all 
'Building file: ../src/Timer.c'
'Invoking: MicroBlaze gcc compiler'
mb-gcc -Wall -O0 -g3 -c -fmessage-length=0 -MT"src/Timer.o" -I../../EmbeddedLab_SW_bsp/microblaze_0/include -mlittle-endian -mcpu=v9.4 -mxl-soft-mul -Wl,--no-relax -ffunction-sections -fdata-sections -MMD -MP -MF"src/Timer.d" -MT"src/Timer.d" -o "src/Timer.o" "../src/Timer.c"
../src/Timer.c: In function 'Timer_Init':
../src/Timer.c:25:2: warning: passing argument 2 of 'XTmrCtr_SetHandler' from incompatible pointer type [enabled by default]
  XTmrCtr_SetHandler(TmrCtrInstancePtr, TimerCounterHandler, TmrCtrInstancePtr);
  ^
In file included from ../src/Timer.h:12:0,
                 from ../src/Timer.c:7:
../../EmbeddedLab_SW_bsp/microblaze_0/include/xtmrctr.h:293:6: note: expected 'XTmrCtr_Handler' but argument is of type 'void (*)(void *, u8,  int,  int *)'
 void XTmrCtr_SetHandler(XTmrCtr * InstancePtr, XTmrCtr_Handler FuncPtr,
      ^
In file included from ../src/Timer.h:11:0,
                 from ../src/Timer.c:7:
../src/Timer.c: In function 'TimerCounterHandler':
../../EmbeddedLab_SW_bsp/microblaze_0/include/xparameters.h:521:30: warning: initialization makes pointer from integer without a cast [enabled by default]
 #define XPAR_GPIO_0_BASEADDR 0x40040000
                              ^
../src/Timer.c:72:14: note: in expansion of macro 'XPAR_GPIO_0_BASEADDR'
  int * LED = XPAR_GPIO_0_BASEADDR;
              ^
../src/Timer.c:76:13: error: 'N' undeclared (first use in this function)
  for(k=0;k<=N-j;k++)
             ^
../src/Timer.c:76:13: note: each undeclared identifier is reported only once for each function it appears in
../src/Timer.c:78:11: error: 'second' undeclared (first use in this function)
        if(second[k]>second[k+1])
           ^
make: *** [src/Timer.o] Error 1
13:24:53 **** Auto Build of configuration Debug for project EmbeddedLab_SW ****
make all 
'Building file: ../src/Timer.c'
'Invoking: MicroBlaze gcc compiler'
mb-gcc -Wall -O0 -g3 -c -fmessage-length=0 -MT"src/Timer.o" -I../../EmbeddedLab_SW_bsp/microblaze_0/include -mlittle-endian -mcpu=v9.4 -mxl-soft-mul -Wl,--no-relax -ffunction-sections -fdata-sections -MMD -MP -MF"src/Timer.d" -MT"src/Timer.d" -o "src/Timer.o" "../src/Timer.c"
In file included from ../src/Timer.c:7:0:
../src/Timer.h:16:81: error: unknown type name 'N'
 void TimerCounterHandler(void *CallBackRef, u8 TmrCtrNumber,int j, int vector[],N);
                                                                                 ^
../src/Timer.c: In function 'Timer_Init':
../src/Timer.c:25:40: error: 'TimerCounterHandler' undeclared (first use in this function)
  XTmrCtr_SetHandler(TmrCtrInstancePtr, TimerCounterHandler, TmrCtrInstancePtr);
                                        ^
../src/Timer.c:25:40: note: each undeclared identifier is reported only once for each function it appears in
In file included from ../src/Timer.h:11:0,
                 from ../src/Timer.c:7:
../src/Timer.c: In function 'TimerCounterHandler':
../../EmbeddedLab_SW_bsp/microblaze_0/include/xparameters.h:521:30: warning: initialization makes pointer from integer without a cast [enabled by default]
 #define XPAR_GPIO_0_BASEADDR 0x40040000
                              ^
../src/Timer.c:72:14: note: in expansion of macro 'XPAR_GPIO_0_BASEADDR'
  int * LED = XPAR_GPIO_0_BASEADDR;
              ^
../src/Timer.c:76:13: error: 'N' undeclared (first use in this function)
  for(k=0;k<=N-j;k++)
             ^
../src/Timer.c:78:11: error: 'second' undeclared (first use in this function)
        if(second[k]>second[k+1])
           ^
make: *** [src/Timer.o] Error 1
13:25:25 **** Auto Build of configuration Debug for project EmbeddedLab_SW ****
make all 
'Building file: ../src/Timer.c'
'Invoking: MicroBlaze gcc compiler'
mb-gcc -Wall -O0 -g3 -c -fmessage-length=0 -MT"src/Timer.o" -I../../EmbeddedLab_SW_bsp/microblaze_0/include -mlittle-endian -mcpu=v9.4 -mxl-soft-mul -Wl,--no-relax -ffunction-sections -fdata-sections -MMD -MP -MF"src/Timer.d" -MT"src/Timer.d" -o "src/Timer.o" "../src/Timer.c"
In file included from ../src/Timer.c:7:0:
../src/Timer.h:16:81: error: unknown type name 'N'
 void TimerCounterHandler(void *CallBackRef, u8 TmrCtrNumber,int j, int vector[],N);
                                                                                 ^
../src/Timer.c: In function 'Timer_Init':
../src/Timer.c:25:40: error: 'TimerCounterHandler' undeclared (first use in this function)
  XTmrCtr_SetHandler(TmrCtrInstancePtr, TimerCounterHandler, TmrCtrInstancePtr);
                                        ^
../src/Timer.c:25:40: note: each undeclared identifier is reported only once for each function it appears in
In file included from ../src/Timer.h:11:0,
                 from ../src/Timer.c:7:
../src/Timer.c: In function 'TimerCounterHandler':
../../EmbeddedLab_SW_bsp/microblaze_0/include/xparameters.h:521:30: warning: initialization makes pointer from integer without a cast [enabled by default]
 #define XPAR_GPIO_0_BASEADDR 0x40040000
                              ^
../src/Timer.c:72:14: note: in expansion of macro 'XPAR_GPIO_0_BASEADDR'
  int * LED = XPAR_GPIO_0_BASEADDR;
              ^
../src/Timer.c:76:13: error: 'N' undeclared (first use in this function)
  for(k=0;k<=N-j;k++)
             ^
../src/Timer.c:78:11: error: 'second' undeclared (first use in this function)
        if(second[k]>second[k+1])
           ^
make: *** [src/Timer.o] Error 1
13:25:28 **** Auto Build of configuration Debug for project EmbeddedLab_SW ****
make all 
'Building file: ../src/Timer.c'
'Invoking: MicroBlaze gcc compiler'
mb-gcc -Wall -O0 -g3 -c -fmessage-length=0 -MT"src/Timer.o" -I../../EmbeddedLab_SW_bsp/microblaze_0/include -mlittle-endian -mcpu=v9.4 -mxl-soft-mul -Wl,--no-relax -ffunction-sections -fdata-sections -MMD -MP -MF"src/Timer.d" -MT"src/Timer.d" -o "src/Timer.o" "../src/Timer.c"
In file included from ../src/Timer.c:7:0:
../src/Timer.h:16:81: error: unknown type name 'N'
 void TimerCounterHandler(void *CallBackRef, u8 TmrCtrNumber,int j, int vector[],N);
                                                                                 ^
../src/Timer.c: In function 'Timer_Init':
../src/Timer.c:25:40: error: 'TimerCounterHandler' undeclared (first use in this function)
  XTmrCtr_SetHandler(TmrCtrInstancePtr, TimerCounterHandler, TmrCtrInstancePtr);
                                        ^
../src/Timer.c:25:40: note: each undeclared identifier is reported only once for each function it appears in
In file included from ../src/Timer.h:11:0,
                 from ../src/Timer.c:7:
../src/Timer.c: In function 'TimerCounterHandler':
../../EmbeddedLab_SW_bsp/microblaze_0/include/xparameters.h:521:30: warning: initialization makes pointer from integer without a cast [enabled by default]
 #define XPAR_GPIO_0_BASEADDR 0x40040000
                              ^
../src/Timer.c:72:14: note: in expansion of macro 'XPAR_GPIO_0_BASEADDR'
  int * LED = XPAR_GPIO_0_BASEADDR;
              ^
../src/Timer.c:78:11: error: 'second' undeclared (first use in this function)
        if(second[k]>second[k+1])
           ^
make: *** [src/Timer.o] Error 1
13:25:30 **** Auto Build of configuration Debug for project EmbeddedLab_SW ****
make all 
'Building file: ../src/Timer.c'
'Invoking: MicroBlaze gcc compiler'
mb-gcc -Wall -O0 -g3 -c -fmessage-length=0 -MT"src/Timer.o" -I../../EmbeddedLab_SW_bsp/microblaze_0/include -mlittle-endian -mcpu=v9.4 -mxl-soft-mul -Wl,--no-relax -ffunction-sections -fdata-sections -MMD -MP -MF"src/Timer.d" -MT"src/Timer.d" -o "src/Timer.o" "../src/Timer.c"
../src/Timer.c: In function 'Timer_Init':
../src/Timer.c:25:2: warning: passing argument 2 of 'XTmrCtr_SetHandler' from incompatible pointer type [enabled by default]
  XTmrCtr_SetHandler(TmrCtrInstancePtr, TimerCounterHandler, TmrCtrInstancePtr);
  ^
In file included from ../src/Timer.h:12:0,
                 from ../src/Timer.c:7:
../../EmbeddedLab_SW_bsp/microblaze_0/include/xtmrctr.h:293:6: note: expected 'XTmrCtr_Handler' but argument is of type 'void (*)(void *, u8,  int,  int *, int)'
 void XTmrCtr_SetHandler(XTmrCtr * InstancePtr, XTmrCtr_Handler FuncPtr,
      ^
In file included from ../src/Timer.h:11:0,
                 from ../src/Timer.c:7:
../src/Timer.c: In function 'TimerCounterHandler':
../../EmbeddedLab_SW_bsp/microblaze_0/include/xparameters.h:521:30: warning: initialization makes pointer from integer without a cast [enabled by default]
 #define XPAR_GPIO_0_BASEADDR 0x40040000
                              ^
../src/Timer.c:72:14: note: in expansion of macro 'XPAR_GPIO_0_BASEADDR'
  int * LED = XPAR_GPIO_0_BASEADDR;
              ^
../src/Timer.c:78:11: error: 'second' undeclared (first use in this function)
        if(second[k]>second[k+1])
           ^
../src/Timer.c:78:11: note: each undeclared identifier is reported only once for each function it appears in
make: *** [src/Timer.o] Error 1
13:25:56 **** Auto Build of configuration Debug for project EmbeddedLab_SW ****
make all 
'Building file: ../src/Timer.c'
'Invoking: MicroBlaze gcc compiler'
mb-gcc -Wall -O0 -g3 -c -fmessage-length=0 -MT"src/Timer.o" -I../../EmbeddedLab_SW_bsp/microblaze_0/include -mlittle-endian -mcpu=v9.4 -mxl-soft-mul -Wl,--no-relax -ffunction-sections -fdata-sections -MMD -MP -MF"src/Timer.d" -MT"src/Timer.d" -o "src/Timer.o" "../src/Timer.c"
../src/Timer.c: In function 'Timer_Init':
../src/Timer.c:25:2: warning: passing argument 2 of 'XTmrCtr_SetHandler' from incompatible pointer type [enabled by default]
  XTmrCtr_SetHandler(TmrCtrInstancePtr, TimerCounterHandler, TmrCtrInstancePtr);
  ^
In file included from ../src/Timer.h:12:0,
                 from ../src/Timer.c:7:
../../EmbeddedLab_SW_bsp/microblaze_0/include/xtmrctr.h:293:6: note: expected 'XTmrCtr_Handler' but argument is of type 'void (*)(void *, u8,  int,  int *, int)'
 void XTmrCtr_SetHandler(XTmrCtr * InstancePtr, XTmrCtr_Handler FuncPtr,
      ^
In file included from ../src/Timer.h:11:0,
                 from ../src/Timer.c:7:
../src/Timer.c: In function 'TimerCounterHandler':
../../EmbeddedLab_SW_bsp/microblaze_0/include/xparameters.h:521:30: warning: initialization makes pointer from integer without a cast [enabled by default]
 #define XPAR_GPIO_0_BASEADDR 0x40040000
                              ^
../src/Timer.c:72:14: note: in expansion of macro 'XPAR_GPIO_0_BASEADDR'
  int * LED = XPAR_GPIO_0_BASEADDR;
              ^
'Finished building: ../src/Timer.c'
' '
'Building file: ../src/main.c'
'Invoking: MicroBlaze gcc compiler'
mb-gcc -Wall -O0 -g3 -c -fmessage-length=0 -MT"src/main.o" -I../../EmbeddedLab_SW_bsp/microblaze_0/include -mlittle-endian -mcpu=v9.4 -mxl-soft-mul -Wl,--no-relax -ffunction-sections -fdata-sections -MMD -MP -MF"src/main.d" -MT"src/main.d" -o "src/main.o" "../src/main.c"
../src/main.c: In function 'main':
../src/main.c:67:13: warning: unused variable 'l' [-Wunused-variable]
     int k,i,l,j,temp;
             ^
../src/main.c:62:17: warning: unused variable 'cts_1' [-Wunused-variable]
  unsigned char *cts_1   = (unsigned char*) UART1_CTS_ADDR;
                 ^
'Finished building: ../src/main.c'
' '
'Building target: EmbeddedLab_SW.elf'
'Invoking: MicroBlaze gcc linker'
mb-gcc -Wl,-T -Wl,../src/lscript.ld -L../../EmbeddedLab_SW_bsp/microblaze_0/lib -mlittle-endian -mcpu=v9.4 -mxl-soft-mul -Wl,--no-relax -Wl,--gc-sections -o "EmbeddedLab_SW.elf"  ./src/Interrupts.o ./src/Timer.o ./src/UART.o ./src/main.o ./src/platform.o   -Wl,--start-group,-lxil,-lgcc,-lc,--end-group
'Finished building target: EmbeddedLab_SW.elf'
' '
'Invoking: MicroBlaze Print Size'
mb-size EmbeddedLab_SW.elf  |tee "EmbeddedLab_SW.elf.size"
   text	   data	    bss	    dec	    hex	filename
  25536	   1468	   2500	  29504	   7340	EmbeddedLab_SW.elf
'Finished building: EmbeddedLab_SW.elf.size'
' '
13:26:10 **** Incremental Build of configuration Debug for project EmbeddedLab_SW ****
make all 
make: Nothing to be done for `all'.
13:26:42 **** Incremental Build of configuration Debug for project EmbeddedLab_SW ****
make all 
make: Nothing to be done for `all'.
13:27:47 **** Incremental Build of configuration Debug for project EmbeddedLab_SW ****
make all 
make: Nothing to be done for `all'.
13:34:17 **** Auto Build of configuration Debug for project EmbeddedLab_SW ****
make all 
'Building file: ../src/main.c'
'Invoking: MicroBlaze gcc compiler'
mb-gcc -Wall -O0 -g3 -c -fmessage-length=0 -MT"src/main.o" -I../../EmbeddedLab_SW_bsp/microblaze_0/include -mlittle-endian -mcpu=v9.4 -mxl-soft-mul -Wl,--no-relax -ffunction-sections -fdata-sections -MMD -MP -MF"src/main.d" -MT"src/main.d" -o "src/main.o" "../src/main.c"
../src/main.c: In function 'main':
../src/main.c:67:17: warning: unused variable 'temp' [-Wunused-variable]
     int k,i,l,j,temp;
                 ^
../src/main.c:67:15: warning: unused variable 'j' [-Wunused-variable]
     int k,i,l,j,temp;
               ^
../src/main.c:67:13: warning: unused variable 'l' [-Wunused-variable]
     int k,i,l,j,temp;
             ^
../src/main.c:67:9: warning: unused variable 'k' [-Wunused-variable]
     int k,i,l,j,temp;
         ^
../src/main.c:65:16: warning: variable 'second' set but not used [-Wunused-but-set-variable]
  int vector[N],second[N];
                ^
../src/main.c:62:17: warning: unused variable 'cts_1' [-Wunused-variable]
  unsigned char *cts_1   = (unsigned char*) UART1_CTS_ADDR;
                 ^
'Finished building: ../src/main.c'
' '
'Building target: EmbeddedLab_SW.elf'
'Invoking: MicroBlaze gcc linker'
mb-gcc -Wl,-T -Wl,../src/lscript.ld -L../../EmbeddedLab_SW_bsp/microblaze_0/lib -mlittle-endian -mcpu=v9.4 -mxl-soft-mul -Wl,--no-relax -Wl,--gc-sections -o "EmbeddedLab_SW.elf"  ./src/Interrupts.o ./src/Timer.o ./src/UART.o ./src/main.o ./src/platform.o   -Wl,--start-group,-lxil,-lgcc,-lc,--end-group
'Finished building target: EmbeddedLab_SW.elf'
' '
'Invoking: MicroBlaze Print Size'
mb-size EmbeddedLab_SW.elf  |tee "EmbeddedLab_SW.elf.size"
   text	   data	    bss	    dec	    hex	filename
  25280	   1468	   2500	  29248	   7240	EmbeddedLab_SW.elf
'Finished building: EmbeddedLab_SW.elf.size'
' '
13:34:37 **** Auto Build of configuration Debug for project EmbeddedLab_SW ****
make all 
'Building file: ../src/Timer.c'
'Invoking: MicroBlaze gcc compiler'
mb-gcc -Wall -O0 -g3 -c -fmessage-length=0 -MT"src/Timer.o" -I../../EmbeddedLab_SW_bsp/microblaze_0/include -mlittle-endian -mcpu=v9.4 -mxl-soft-mul -Wl,--no-relax -ffunction-sections -fdata-sections -MMD -MP -MF"src/Timer.d" -MT"src/Timer.d" -o "src/Timer.o" "../src/Timer.c"
../src/Timer.c: In function 'Timer_Init':
../src/Timer.c:25:2: warning: passing argument 2 of 'XTmrCtr_SetHandler' from incompatible pointer type [enabled by default]
  XTmrCtr_SetHandler(TmrCtrInstancePtr, TimerCounterHandler, TmrCtrInstancePtr);
  ^
In file included from ../src/Timer.h:12:0,
                 from ../src/Timer.c:7:
../../EmbeddedLab_SW_bsp/microblaze_0/include/xtmrctr.h:293:6: note: expected 'XTmrCtr_Handler' but argument is of type 'void (*)(void *, u8,  int,  int *, int)'
 void XTmrCtr_SetHandler(XTmrCtr * InstancePtr, XTmrCtr_Handler FuncPtr,
      ^
In file included from ../src/Timer.h:11:0,
                 from ../src/Timer.c:7:
../src/Timer.c: In function 'TimerCounterHandler':
../../EmbeddedLab_SW_bsp/microblaze_0/include/xparameters.h:521:30: warning: initialization makes pointer from integer without a cast [enabled by default]
 #define XPAR_GPIO_0_BASEADDR 0x40040000
                              ^
../src/Timer.c:72:14: note: in expansion of macro 'XPAR_GPIO_0_BASEADDR'
  int * LED = XPAR_GPIO_0_BASEADDR;
              ^
../src/Timer.c:75:6: error: 'N' redeclared as different kind of symbol
  int N=16;
      ^
../src/Timer.c:69:84: note: previous definition of 'N' was here
 void TimerCounterHandler(void *CallBackRef, u8 TmrCtrNumber,int j,int second[],int N)
                                                                                    ^
make: *** [src/Timer.o] Error 1
13:35:05 **** Auto Build of configuration Debug for project EmbeddedLab_SW ****
make all 
'Building file: ../src/Timer.c'
'Invoking: MicroBlaze gcc compiler'
mb-gcc -Wall -O0 -g3 -c -fmessage-length=0 -MT"src/Timer.o" -I../../EmbeddedLab_SW_bsp/microblaze_0/include -mlittle-endian -mcpu=v9.4 -mxl-soft-mul -Wl,--no-relax -ffunction-sections -fdata-sections -MMD -MP -MF"src/Timer.d" -MT"src/Timer.d" -o "src/Timer.o" "../src/Timer.c"
../src/Timer.c: In function 'Timer_Init':
../src/Timer.c:25:2: warning: passing argument 2 of 'XTmrCtr_SetHandler' from incompatible pointer type [enabled by default]
  XTmrCtr_SetHandler(TmrCtrInstancePtr, TimerCounterHandler, TmrCtrInstancePtr);
  ^
In file included from ../src/Timer.h:12:0,
                 from ../src/Timer.c:7:
../../EmbeddedLab_SW_bsp/microblaze_0/include/xtmrctr.h:293:6: note: expected 'XTmrCtr_Handler' but argument is of type 'void (*)(void *, u8,  int,  int *, int)'
 void XTmrCtr_SetHandler(XTmrCtr * InstancePtr, XTmrCtr_Handler FuncPtr,
      ^
../src/Timer.c: At top level:
../src/Timer.c:70:6: error: conflicting types for 'TimerCounterHandler'
 void TimerCounterHandler(void *CallBackRef, u8 TmrCtrNumber)
      ^
In file included from ../src/Timer.c:7:0:
../src/Timer.h:16:6: note: previous declaration of 'TimerCounterHandler' was here
 void TimerCounterHandler(void *CallBackRef, u8 TmrCtrNumber,int j, int vector[],int N);
      ^
In file included from ../src/Timer.h:11:0,
                 from ../src/Timer.c:7:
../src/Timer.c: In function 'TimerCounterHandler':
../../EmbeddedLab_SW_bsp/microblaze_0/include/xparameters.h:521:30: warning: initialization makes pointer from integer without a cast [enabled by default]
 #define XPAR_GPIO_0_BASEADDR 0x40040000
                              ^
../src/Timer.c:73:14: note: in expansion of macro 'XPAR_GPIO_0_BASEADDR'
  int * LED = XPAR_GPIO_0_BASEADDR;
              ^
../src/Timer.c:90:15: error: 'j' undeclared (first use in this function)
  for(k=0;k<=N-j;k++)
               ^
../src/Timer.c:90:15: note: each undeclared identifier is reported only once for each function it appears in
../src/Timer.c:92:11: error: 'second' undeclared (first use in this function)
        if(second[k]>second[k+1])
           ^
make: *** [src/Timer.o] Error 1
13:36:52 **** Auto Build of configuration Debug for project EmbeddedLab_SW ****
make all 
'Building file: ../src/Timer.c'
'Invoking: MicroBlaze gcc compiler'
mb-gcc -Wall -O0 -g3 -c -fmessage-length=0 -MT"src/Timer.o" -I../../EmbeddedLab_SW_bsp/microblaze_0/include -mlittle-endian -mcpu=v9.4 -mxl-soft-mul -Wl,--no-relax -ffunction-sections -fdata-sections -MMD -MP -MF"src/Timer.d" -MT"src/Timer.d" -o "src/Timer.o" "../src/Timer.c"
../src/Timer.c: In function 'Timer_Init':
../src/Timer.c:25:2: warning: passing argument 2 of 'XTmrCtr_SetHandler' from incompatible pointer type [enabled by default]
  XTmrCtr_SetHandler(TmrCtrInstancePtr, TimerCounterHandler, TmrCtrInstancePtr);
  ^
In file included from ../src/Timer.h:12:0,
                 from ../src/Timer.c:7:
../../EmbeddedLab_SW_bsp/microblaze_0/include/xtmrctr.h:293:6: note: expected 'XTmrCtr_Handler' but argument is of type 'void (*)(void *, u8,  int,  int *, int)'
 void XTmrCtr_SetHandler(XTmrCtr * InstancePtr, XTmrCtr_Handler FuncPtr,
      ^
../src/Timer.c: At top level:
../src/Timer.c:70:6: error: conflicting types for 'TimerCounterHandler'
 void TimerCounterHandler(void *CallBackRef, u8 TmrCtrNumber)
      ^
In file included from ../src/Timer.c:7:0:
../src/Timer.h:16:6: note: previous declaration of 'TimerCounterHandler' was here
 void TimerCounterHandler(void *CallBackRef, u8 TmrCtrNumber,int j, int vector[],int N);
      ^
In file included from ../src/Timer.h:11:0,
                 from ../src/Timer.c:7:
../src/Timer.c: In function 'TimerCounterHandler':
../../EmbeddedLab_SW_bsp/microblaze_0/include/xparameters.h:521:30: warning: initialization makes pointer from integer without a cast [enabled by default]
 #define XPAR_GPIO_0_BASEADDR 0x40040000
                              ^
../src/Timer.c:73:14: note: in expansion of macro 'XPAR_GPIO_0_BASEADDR'
  int * LED = XPAR_GPIO_0_BASEADDR;
              ^
../src/Timer.c:77:13: error: redeclaration of 'k' with no linkage
  static int k;
             ^
../src/Timer.c:72:6: note: previous declaration of 'k' was here
  int k,temp;
      ^
../src/Timer.c:78:2: error: variable-sized object may not be initialized
  static int second[N]={15,14,13,12,11,10,9,8,7,6,5,4,3,2,1,0};
  ^
../src/Timer.c:78:2: warning: excess elements in array initializer [enabled by default]
../src/Timer.c:78:2: warning: (near initialization for 'second') [enabled by default]
../src/Timer.c:78:2: warning: excess elements in array initializer [enabled by default]
../src/Timer.c:78:2: warning: (near initialization for 'second') [enabled by default]
../src/Timer.c:78:2: warning: excess elements in array initializer [enabled by default]
../src/Timer.c:78:2: warning: (near initialization for 'second') [enabled by default]
../src/Timer.c:78:2: warning: excess elements in array initializer [enabled by default]
../src/Timer.c:78:2: warning: (near initialization for 'second') [enabled by default]
../src/Timer.c:78:2: warning: excess elements in array initializer [enabled by default]
../src/Timer.c:78:2: warning: (near initialization for 'second') [enabled by default]
../src/Timer.c:78:2: warning: excess elements in array initializer [enabled by default]
../src/Timer.c:78:2: warning: (near initialization for 'second') [enabled by default]
../src/Timer.c:78:2: warning: excess elements in array initializer [enabled by default]
../src/Timer.c:78:2: warning: (near initialization for 'second') [enabled by default]
../src/Timer.c:78:2: warning: excess elements in array initializer [enabled by default]
../src/Timer.c:78:2: warning: (near initialization for 'second') [enabled by default]
../src/Timer.c:78:2: warning: excess elements in array initializer [enabled by default]
../src/Timer.c:78:2: warning: (near initialization for 'second') [enabled by default]
../src/Timer.c:78:2: warning: excess elements in array initializer [enabled by default]
../src/Timer.c:78:2: warning: (near initialization for 'second') [enabled by default]
../src/Timer.c:78:2: warning: excess elements in array initializer [enabled by default]
../src/Timer.c:78:2: warning: (near initialization for 'second') [enabled by default]
../src/Timer.c:78:2: warning: excess elements in array initializer [enabled by default]
../src/Timer.c:78:2: warning: (near initialization for 'second') [enabled by default]
../src/Timer.c:78:2: warning: excess elements in array initializer [enabled by default]
../src/Timer.c:78:2: warning: (near initialization for 'second') [enabled by default]
../src/Timer.c:78:2: warning: excess elements in array initializer [enabled by default]
../src/Timer.c:78:2: warning: (near initialization for 'second') [enabled by default]
../src/Timer.c:78:2: warning: excess elements in array initializer [enabled by default]
../src/Timer.c:78:2: warning: (near initialization for 'second') [enabled by default]
../src/Timer.c:78:2: warning: excess elements in array initializer [enabled by default]
../src/Timer.c:78:2: warning: (near initialization for 'second') [enabled by default]
../src/Timer.c:78:13: error: storage size of 'second' isn't constant
  static int second[N]={15,14,13,12,11,10,9,8,7,6,5,4,3,2,1,0};
             ^
../src/Timer.c:79:8: error: redeclaration of 'temp' with no linkage
  int j,temp;
        ^
../src/Timer.c:72:8: note: previous declaration of 'temp' was here
  int k,temp;
        ^
../src/Timer.c:78:13: warning: unused variable 'second' [-Wunused-variable]
  static int second[N]={15,14,13,12,11,10,9,8,7,6,5,4,3,2,1,0};
             ^
make: *** [src/Timer.o] Error 1
13:37:08 **** Auto Build of configuration Debug for project EmbeddedLab_SW ****
make all 
'Building file: ../src/Timer.c'
'Invoking: MicroBlaze gcc compiler'
mb-gcc -Wall -O0 -g3 -c -fmessage-length=0 -MT"src/Timer.o" -I../../EmbeddedLab_SW_bsp/microblaze_0/include -mlittle-endian -mcpu=v9.4 -mxl-soft-mul -Wl,--no-relax -ffunction-sections -fdata-sections -MMD -MP -MF"src/Timer.d" -MT"src/Timer.d" -o "src/Timer.o" "../src/Timer.c"
../src/Timer.c: In function 'Timer_Init':
../src/Timer.c:25:2: warning: passing argument 2 of 'XTmrCtr_SetHandler' from incompatible pointer type [enabled by default]
  XTmrCtr_SetHandler(TmrCtrInstancePtr, TimerCounterHandler, TmrCtrInstancePtr);
  ^
In file included from ../src/Timer.h:12:0,
                 from ../src/Timer.c:7:
../../EmbeddedLab_SW_bsp/microblaze_0/include/xtmrctr.h:293:6: note: expected 'XTmrCtr_Handler' but argument is of type 'void (*)(void *, u8,  int,  int *, int)'
 void XTmrCtr_SetHandler(XTmrCtr * InstancePtr, XTmrCtr_Handler FuncPtr,
      ^
../src/Timer.c: At top level:
../src/Timer.c:70:6: error: conflicting types for 'TimerCounterHandler'
 void TimerCounterHandler(void *CallBackRef, u8 TmrCtrNumber)
      ^
In file included from ../src/Timer.c:7:0:
../src/Timer.h:16:6: note: previous declaration of 'TimerCounterHandler' was here
 void TimerCounterHandler(void *CallBackRef, u8 TmrCtrNumber,int j, int vector[],int N);
      ^
In file included from ../src/Timer.h:11:0,
                 from ../src/Timer.c:7:
../src/Timer.c: In function 'TimerCounterHandler':
../../EmbeddedLab_SW_bsp/microblaze_0/include/xparameters.h:521:30: warning: initialization makes pointer from integer without a cast [enabled by default]
 #define XPAR_GPIO_0_BASEADDR 0x40040000
                              ^
../src/Timer.c:73:14: note: in expansion of macro 'XPAR_GPIO_0_BASEADDR'
  int * LED = XPAR_GPIO_0_BASEADDR;
              ^
../src/Timer.c:77:13: error: redeclaration of 'k' with no linkage
  static int k;
             ^
../src/Timer.c:72:6: note: previous declaration of 'k' was here
  int k,temp;
      ^
../src/Timer.c:78:2: error: variable-sized object may not be initialized
  static int second[N]={15,14,13,12,11,10,9,8,7,6,5,4,3,2,1,0};
  ^
../src/Timer.c:78:2: warning: excess elements in array initializer [enabled by default]
../src/Timer.c:78:2: warning: (near initialization for 'second') [enabled by default]
../src/Timer.c:78:2: warning: excess elements in array initializer [enabled by default]
../src/Timer.c:78:2: warning: (near initialization for 'second') [enabled by default]
../src/Timer.c:78:2: warning: excess elements in array initializer [enabled by default]
../src/Timer.c:78:2: warning: (near initialization for 'second') [enabled by default]
../src/Timer.c:78:2: warning: excess elements in array initializer [enabled by default]
../src/Timer.c:78:2: warning: (near initialization for 'second') [enabled by default]
../src/Timer.c:78:2: warning: excess elements in array initializer [enabled by default]
../src/Timer.c:78:2: warning: (near initialization for 'second') [enabled by default]
../src/Timer.c:78:2: warning: excess elements in array initializer [enabled by default]
../src/Timer.c:78:2: warning: (near initialization for 'second') [enabled by default]
../src/Timer.c:78:2: warning: excess elements in array initializer [enabled by default]
../src/Timer.c:78:2: warning: (near initialization for 'second') [enabled by default]
../src/Timer.c:78:2: warning: excess elements in array initializer [enabled by default]
../src/Timer.c:78:2: warning: (near initialization for 'second') [enabled by default]
../src/Timer.c:78:2: warning: excess elements in array initializer [enabled by default]
../src/Timer.c:78:2: warning: (near initialization for 'second') [enabled by default]
../src/Timer.c:78:2: warning: excess elements in array initializer [enabled by default]
../src/Timer.c:78:2: warning: (near initialization for 'second') [enabled by default]
../src/Timer.c:78:2: warning: excess elements in array initializer [enabled by default]
../src/Timer.c:78:2: warning: (near initialization for 'second') [enabled by default]
../src/Timer.c:78:2: warning: excess elements in array initializer [enabled by default]
../src/Timer.c:78:2: warning: (near initialization for 'second') [enabled by default]
../src/Timer.c:78:2: warning: excess elements in array initializer [enabled by default]
../src/Timer.c:78:2: warning: (near initialization for 'second') [enabled by default]
../src/Timer.c:78:2: warning: excess elements in array initializer [enabled by default]
../src/Timer.c:78:2: warning: (near initialization for 'second') [enabled by default]
../src/Timer.c:78:2: warning: excess elements in array initializer [enabled by default]
../src/Timer.c:78:2: warning: (near initialization for 'second') [enabled by default]
../src/Timer.c:78:2: warning: excess elements in array initializer [enabled by default]
../src/Timer.c:78:2: warning: (near initialization for 'second') [enabled by default]
../src/Timer.c:78:13: error: storage size of 'second' isn't constant
  static int second[N]={15,14,13,12,11,10,9,8,7,6,5,4,3,2,1,0};
             ^
../src/Timer.c:79:8: error: redeclaration of 'temp' with no linkage
  int j,temp;
        ^
../src/Timer.c:72:8: note: previous declaration of 'temp' was here
  int k,temp;
        ^
../src/Timer.c:78:13: warning: unused variable 'second' [-Wunused-variable]
  static int second[N]={15,14,13,12,11,10,9,8,7,6,5,4,3,2,1,0};
             ^
make: *** [src/Timer.o] Error 1
13:38:09 **** Auto Build of configuration Debug for project EmbeddedLab_SW ****
make all 
'Building file: ../src/Timer.c'
'Invoking: MicroBlaze gcc compiler'
mb-gcc -Wall -O0 -g3 -c -fmessage-length=0 -MT"src/Timer.o" -I../../EmbeddedLab_SW_bsp/microblaze_0/include -mlittle-endian -mcpu=v9.4 -mxl-soft-mul -Wl,--no-relax -ffunction-sections -fdata-sections -MMD -MP -MF"src/Timer.d" -MT"src/Timer.d" -o "src/Timer.o" "../src/Timer.c"
../src/Timer.c: In function 'Timer_Init':
../src/Timer.c:25:2: warning: passing argument 2 of 'XTmrCtr_SetHandler' from incompatible pointer type [enabled by default]
  XTmrCtr_SetHandler(TmrCtrInstancePtr, TimerCounterHandler, TmrCtrInstancePtr);
  ^
In file included from ../src/Timer.h:12:0,
                 from ../src/Timer.c:7:
../../EmbeddedLab_SW_bsp/microblaze_0/include/xtmrctr.h:293:6: note: expected 'XTmrCtr_Handler' but argument is of type 'void (*)(void *, u8,  int,  int *, int)'
 void XTmrCtr_SetHandler(XTmrCtr * InstancePtr, XTmrCtr_Handler FuncPtr,
      ^
../src/Timer.c: At top level:
../src/Timer.c:70:6: error: conflicting types for 'TimerCounterHandler'
 void TimerCounterHandler(void *CallBackRef, u8 TmrCtrNumber)
      ^
In file included from ../src/Timer.c:7:0:
../src/Timer.h:16:6: note: previous declaration of 'TimerCounterHandler' was here
 void TimerCounterHandler(void *CallBackRef, u8 TmrCtrNumber,int j, int vector[],int N);
      ^
In file included from ../src/Timer.h:11:0,
                 from ../src/Timer.c:7:
../src/Timer.c: In function 'TimerCounterHandler':
../../EmbeddedLab_SW_bsp/microblaze_0/include/xparameters.h:521:30: warning: initialization makes pointer from integer without a cast [enabled by default]
 #define XPAR_GPIO_0_BASEADDR 0x40040000
                              ^
../src/Timer.c:73:14: note: in expansion of macro 'XPAR_GPIO_0_BASEADDR'
  int * LED = XPAR_GPIO_0_BASEADDR;
              ^
../src/Timer.c:77:13: error: redeclaration of 'k' with no linkage
  static int k;
             ^
../src/Timer.c:72:6: note: previous declaration of 'k' was here
  int k,temp;
      ^
../src/Timer.c:78:2: error: variable-sized object may not be initialized
  static int second[N]={15,14,13,12,11,10,9,8,7,6,5,4,3,2,1,0};
  ^
../src/Timer.c:78:2: warning: excess elements in array initializer [enabled by default]
../src/Timer.c:78:2: warning: (near initialization for 'second') [enabled by default]
../src/Timer.c:78:2: warning: excess elements in array initializer [enabled by default]
../src/Timer.c:78:2: warning: (near initialization for 'second') [enabled by default]
../src/Timer.c:78:2: warning: excess elements in array initializer [enabled by default]
[...]
'Finished building target: EmbeddedLab_SW.elf'
' '
'Invoking: MicroBlaze Print Size'
mb-size EmbeddedLab_SW.elf  |tee "EmbeddedLab_SW.elf.size"
   text	   data	    bss	    dec	    hex	filename
  19024	    424	   3056	  22504	   57e8	EmbeddedLab_SW.elf
'Finished building: EmbeddedLab_SW.elf.size'
' '
13:20:30 **** Incremental Build of configuration Debug for project EmbeddedLab_SW ****
make all 
make: Nothing to be done for `all'.
13:22:27 **** Incremental Build of configuration Debug for project EmbeddedLab_SW ****
make all 
make: Nothing to be done for `all'.
13:26:01 **** Auto Build of configuration Debug for project EmbeddedLab_SW ****
make all 
'Building file: ../src/crc.c'
'Invoking: MicroBlaze gcc compiler'
mb-gcc -Wall -O0 -g3 -c -fmessage-length=0 -MT"src/crc.o" -I../../EmbeddedLab_SW_bsp/microblaze_0/include -mlittle-endian -mcpu=v9.4 -mxl-soft-mul -Wl,--no-relax -ffunction-sections -fdata-sections -MMD -MP -MF"src/crc.d" -MT"src/crc.d" -o "src/crc.o" "../src/crc.c"
'Finished building: ../src/crc.c'
' '
'Building target: EmbeddedLab_SW.elf'
'Invoking: MicroBlaze gcc linker'
mb-gcc -Wl,-T -Wl,../src/lscript.ld -L../../EmbeddedLab_SW_bsp/microblaze_0/lib -mlittle-endian -mcpu=v9.4 -mxl-soft-mul -Wl,--no-relax -Wl,--gc-sections -o "EmbeddedLab_SW.elf"  ./src/Interrupts.o ./src/Timer.o ./src/UART.o ./src/crc.o ./src/main.o ./src/platform.o   -Wl,--start-group,-lxil,-lgcc,-lc,--end-group
'Finished building target: EmbeddedLab_SW.elf'
' '
'Invoking: MicroBlaze Print Size'
mb-size EmbeddedLab_SW.elf  |tee "EmbeddedLab_SW.elf.size"
   text	   data	    bss	    dec	    hex	filename
  18976	    424	   3056	  22456	   57b8	EmbeddedLab_SW.elf
'Finished building: EmbeddedLab_SW.elf.size'
' '
13:26:20 **** Incremental Build of configuration Debug for project EmbeddedLab_SW ****
make all 
make: Nothing to be done for `all'.
13:27:12 **** Incremental Build of configuration Debug for project EmbeddedLab_SW ****
make all 
make: Nothing to be done for `all'.
13:33:06 **** Auto Build of configuration Debug for project EmbeddedLab_SW ****
make all 
'Building file: ../src/main.c'
'Invoking: MicroBlaze gcc compiler'
mb-gcc -Wall -O0 -g3 -c -fmessage-length=0 -MT"src/main.o" -I../../EmbeddedLab_SW_bsp/microblaze_0/include -mlittle-endian -mcpu=v9.4 -mxl-soft-mul -Wl,--no-relax -ffunction-sections -fdata-sections -MMD -MP -MF"src/main.d" -MT"src/main.d" -o "src/main.o" "../src/main.c"
'Finished building: ../src/main.c'
' '
'Building target: EmbeddedLab_SW.elf'
'Invoking: MicroBlaze gcc linker'
mb-gcc -Wl,-T -Wl,../src/lscript.ld -L../../EmbeddedLab_SW_bsp/microblaze_0/lib -mlittle-endian -mcpu=v9.4 -mxl-soft-mul -Wl,--no-relax -Wl,--gc-sections -o "EmbeddedLab_SW.elf"  ./src/Interrupts.o ./src/Timer.o ./src/UART.o ./src/crc.o ./src/main.o ./src/platform.o   -Wl,--start-group,-lxil,-lgcc,-lc,--end-group
'Finished building target: EmbeddedLab_SW.elf'
' '
'Invoking: MicroBlaze Print Size'
mb-size EmbeddedLab_SW.elf  |tee "EmbeddedLab_SW.elf.size"
   text	   data	    bss	    dec	    hex	filename
  18988	    424	   3060	  22472	   57c8	EmbeddedLab_SW.elf
'Finished building: EmbeddedLab_SW.elf.size'
' '
13:33:23 **** Incremental Build of configuration Debug for project EmbeddedLab_SW ****
make all 
make: Nothing to be done for `all'.
13:36:51 **** Auto Build of configuration Debug for project EmbeddedLab_SW ****
make all 
'Building file: ../src/UART.c'
'Invoking: MicroBlaze gcc compiler'
mb-gcc -Wall -O0 -g3 -c -fmessage-length=0 -MT"src/UART.o" -I../../EmbeddedLab_SW_bsp/microblaze_0/include -mlittle-endian -mcpu=v9.4 -mxl-soft-mul -Wl,--no-relax -ffunction-sections -fdata-sections -MMD -MP -MF"src/UART.d" -MT"src/UART.d" -o "src/UART.o" "../src/UART.c"
../src/UART.c: In function 'RecvHandler_UART_1':
../src/UART.c:86:15: warning: variable 'num_of_chars' set but not used [-Wunused-but-set-variable]
  unsigned int num_of_chars;
               ^
../src/UART.c: In function 'RecvHandler_UART_2':
../src/UART.c:133:22: warning: variable 'num_of_chars' set but not used [-Wunused-but-set-variable]
  static unsigned int num_of_chars;
                      ^
'Finished building: ../src/UART.c'
' '
'Building target: EmbeddedLab_SW.elf'
'Invoking: MicroBlaze gcc linker'
mb-gcc -Wl,-T -Wl,../src/lscript.ld -L../../EmbeddedLab_SW_bsp/microblaze_0/lib -mlittle-endian -mcpu=v9.4 -mxl-soft-mul -Wl,--no-relax -Wl,--gc-sections -o "EmbeddedLab_SW.elf"  ./src/Interrupts.o ./src/Timer.o ./src/UART.o ./src/crc.o ./src/main.o ./src/platform.o   -Wl,--start-group,-lxil,-lgcc,-lc,--end-group
'Finished building target: EmbeddedLab_SW.elf'
' '
'Invoking: MicroBlaze Print Size'
mb-size EmbeddedLab_SW.elf  |tee "EmbeddedLab_SW.elf.size"
   text	   data	    bss	    dec	    hex	filename
  18976	    424	   3056	  22456	   57b8	EmbeddedLab_SW.elf
'Finished building: EmbeddedLab_SW.elf.size'
' '
13:37:11 **** Incremental Build of configuration Debug for project EmbeddedLab_SW ****
make all 
make: Nothing to be done for `all'.
13:37:35 **** Incremental Build of configuration Debug for project EmbeddedLab_SW ****
make all 
make: Nothing to be done for `all'.
13:39:39 **** Incremental Build of configuration Debug for project EmbeddedLab_SW ****
make all 
make: Nothing to be done for `all'.
13:40:32 **** Incremental Build of configuration Debug for project EmbeddedLab_SW ****
make all 
make: Nothing to be done for `all'.
13:46:10 **** Auto Build of configuration Debug for project EmbeddedLab_SW ****
make all 
'Building file: ../src/crc.c'
'Invoking: MicroBlaze gcc compiler'
mb-gcc -Wall -O0 -g3 -c -fmessage-length=0 -MT"src/crc.o" -I../../EmbeddedLab_SW_bsp/microblaze_0/include -mlittle-endian -mcpu=v9.4 -mxl-soft-mul -Wl,--no-relax -ffunction-sections -fdata-sections -MMD -MP -MF"src/crc.d" -MT"src/crc.d" -o "src/crc.o" "../src/crc.c"
'Finished building: ../src/crc.c'
' '
'Building file: ../src/main.c'
'Invoking: MicroBlaze gcc compiler'
mb-gcc -Wall -O0 -g3 -c -fmessage-length=0 -MT"src/main.o" -I../../EmbeddedLab_SW_bsp/microblaze_0/include -mlittle-endian -mcpu=v9.4 -mxl-soft-mul -Wl,--no-relax -ffunction-sections -fdata-sections -MMD -MP -MF"src/main.d" -MT"src/main.d" -o "src/main.o" "../src/main.c"
'Finished building: ../src/main.c'
' '
'Building target: EmbeddedLab_SW.elf'
'Invoking: MicroBlaze gcc linker'
mb-gcc -Wl,-T -Wl,../src/lscript.ld -L../../EmbeddedLab_SW_bsp/microblaze_0/lib -mlittle-endian -mcpu=v9.4 -mxl-soft-mul -Wl,--no-relax -Wl,--gc-sections -o "EmbeddedLab_SW.elf"  ./src/Interrupts.o ./src/Timer.o ./src/UART.o ./src/crc.o ./src/main.o ./src/platform.o   -Wl,--start-group,-lxil,-lgcc,-lc,--end-group
'Finished building target: EmbeddedLab_SW.elf'
' '
'Invoking: MicroBlaze Print Size'
mb-size EmbeddedLab_SW.elf  |tee "EmbeddedLab_SW.elf.size"
   text	   data	    bss	    dec	    hex	filename
  18936	    424	   3056	  22416	   5790	EmbeddedLab_SW.elf
'Finished building: EmbeddedLab_SW.elf.size'
' '
13:46:30 **** Incremental Build of configuration Debug for project EmbeddedLab_SW ****
make all 
make: Nothing to be done for `all'.
13:47:37 **** Incremental Build of configuration Debug for project EmbeddedLab_SW ****
make all 
make: Nothing to be done for `all'.
13:49:02 **** Incremental Build of configuration Debug for project EmbeddedLab_SW ****
make all 
make: Nothing to be done for `all'.
13:49:50 **** Incremental Build of configuration Debug for project EmbeddedLab_SW ****
make all 
make: Nothing to be done for `all'.
13:52:25 **** Auto Build of configuration Debug for project EmbeddedLab_SW ****
make all 
'Building file: ../src/UART.c'
'Invoking: MicroBlaze gcc compiler'
mb-gcc -Wall -O0 -g3 -c -fmessage-length=0 -MT"src/UART.o" -I../../EmbeddedLab_SW_bsp/microblaze_0/include -mlittle-endian -mcpu=v9.4 -mxl-soft-mul -Wl,--no-relax -ffunction-sections -fdata-sections -MMD -MP -MF"src/UART.d" -MT"src/UART.d" -o "src/UART.o" "../src/UART.c"
../src/UART.c: In function 'RecvHandler_UART_1':
../src/UART.c:86:15: warning: variable 'num_of_chars' set but not used [-Wunused-but-set-variable]
  unsigned int num_of_chars;
               ^
../src/UART.c: In function 'RecvHandler_UART_2':
../src/UART.c:133:22: warning: variable 'num_of_chars' set but not used [-Wunused-but-set-variable]
  static unsigned int num_of_chars;
                      ^
'Finished building: ../src/UART.c'
' '
'Building target: EmbeddedLab_SW.elf'
'Invoking: MicroBlaze gcc linker'
mb-gcc -Wl,-T -Wl,../src/lscript.ld -L../../EmbeddedLab_SW_bsp/microblaze_0/lib -mlittle-endian -mcpu=v9.4 -mxl-soft-mul -Wl,--no-relax -Wl,--gc-sections -o "EmbeddedLab_SW.elf"  ./src/Interrupts.o ./src/Timer.o ./src/UART.o ./src/crc.o ./src/main.o ./src/platform.o   -Wl,--start-group,-lxil,-lgcc,-lc,--end-group
'Finished building target: EmbeddedLab_SW.elf'
' '
'Invoking: MicroBlaze Print Size'
mb-size EmbeddedLab_SW.elf  |tee "EmbeddedLab_SW.elf.size"
   text	   data	    bss	    dec	    hex	filename
  18900	    424	   3060	  22384	   5770	EmbeddedLab_SW.elf
'Finished building: EmbeddedLab_SW.elf.size'
' '
13:53:22 **** Incremental Build of configuration Debug for project EmbeddedLab_SW ****
make all 
make: Nothing to be done for `all'.
13:54:31 **** Incremental Build of configuration Debug for project EmbeddedLab_SW ****
make all 
make: Nothing to be done for `all'.
14:12:03 **** Auto Build of configuration Debug for project EmbeddedLab_SW ****
make all 
'Building file: ../src/Timer.c'
'Invoking: MicroBlaze gcc compiler'
mb-gcc -Wall -O0 -g3 -c -fmessage-length=0 -MT"src/Timer.o" -I../../EmbeddedLab_SW_bsp/microblaze_0/include -mlittle-endian -mcpu=v9.4 -mxl-soft-mul -Wl,--no-relax -ffunction-sections -fdata-sections -MMD -MP -MF"src/Timer.d" -MT"src/Timer.d" -o "src/Timer.o" "../src/Timer.c"
'Finished building: ../src/Timer.c'
' '
'Building target: EmbeddedLab_SW.elf'
'Invoking: MicroBlaze gcc linker'
mb-gcc -Wl,-T -Wl,../src/lscript.ld -L../../EmbeddedLab_SW_bsp/microblaze_0/lib -mlittle-endian -mcpu=v9.4 -mxl-soft-mul -Wl,--no-relax -Wl,--gc-sections -o "EmbeddedLab_SW.elf"  ./src/Interrupts.o ./src/Timer.o ./src/UART.o ./src/crc.o ./src/main.o ./src/platform.o   -Wl,--start-group,-lxil,-lgcc,-lc,--end-group
'Finished building target: EmbeddedLab_SW.elf'
' '
'Invoking: MicroBlaze Print Size'
mb-size EmbeddedLab_SW.elf  |tee "EmbeddedLab_SW.elf.size"
   text	   data	    bss	    dec	    hex	filename
  18852	    424	   3060	  22336	   5740	EmbeddedLab_SW.elf
'Finished building: EmbeddedLab_SW.elf.size'
' '
14:12:17 **** Incremental Build of configuration Debug for project EmbeddedLab_SW ****
make all 
make: Nothing to be done for `all'.
14:14:49 **** Incremental Build of configuration Debug for project EmbeddedLab_SW ****
make all 
make: Nothing to be done for `all'.
14:15:45 **** Incremental Build of configuration Debug for project EmbeddedLab_SW ****
make all 
make: Nothing to be done for `all'.
14:16:46 **** Incremental Build of configuration Debug for project EmbeddedLab_SW ****
make all 
make: Nothing to be done for `all'.
14:21:11 **** Incremental Build of configuration Debug for project EmbeddedLab_SW ****
make all 
make: Nothing to be done for `all'.
14:22:35 **** Incremental Build of configuration Debug for project EmbeddedLab_SW ****
make all 
make: Nothing to be done for `all'.
14:24:31 **** Incremental Build of configuration Debug for project EmbeddedLab_SW ****
make all 
make: Nothing to be done for `all'.
14:27:32 **** Incremental Build of configuration Debug for project EmbeddedLab_SW ****
make all 
make: Nothing to be done for `all'.
14:36:59 **** Incremental Build of configuration Debug for project EmbeddedLab_SW ****
make all 
make: Nothing to be done for `all'.
14:37:40 **** Incremental Build of configuration Debug for project EmbeddedLab_SW ****
make all 
make: Nothing to be done for `all'.
14:38:37 **** Incremental Build of configuration Debug for project EmbeddedLab_SW ****
make all 
make: Nothing to be done for `all'.
14:39:23 **** Incremental Build of configuration Debug for project EmbeddedLab_SW ****
make all 
make: Nothing to be done for `all'.
14:40:47 **** Incremental Build of configuration Debug for project EmbeddedLab_SW ****
make all 
make: Nothing to be done for `all'.
14:40:51 **** Incremental Build of configuration Debug for project EmbeddedLab_SW ****
make all 
make: Nothing to be done for `all'.
14:42:02 **** Incremental Build of configuration Debug for project EmbeddedLab_SW ****
make all 
make: Nothing to be done for `all'.
14:43:28 **** Incremental Build of configuration Debug for project EmbeddedLab_SW ****
make all 
make: Nothing to be done for `all'.
14:46:13 **** Auto Build of configuration Debug for project EmbeddedLab_SW ****
make all 
'Building file: ../src/Timer.c'
'Invoking: MicroBlaze gcc compiler'
mb-gcc -Wall -O0 -g3 -c -fmessage-length=0 -MT"src/Timer.o" -I../../EmbeddedLab_SW_bsp/microblaze_0/include -mlittle-endian -mcpu=v9.4 -mxl-soft-mul -Wl,--no-relax -ffunction-sections -fdata-sections -MMD -MP -MF"src/Timer.d" -MT"src/Timer.d" -o "src/Timer.o" "../src/Timer.c"
'Finished building: ../src/Timer.c'
' '
'Building file: ../src/crc.c'
'Invoking: MicroBlaze gcc compiler'
mb-gcc -Wall -O0 -g3 -c -fmessage-length=0 -MT"src/crc.o" -I../../EmbeddedLab_SW_bsp/microblaze_0/include -mlittle-endian -mcpu=v9.4 -mxl-soft-mul -Wl,--no-relax -ffunction-sections -fdata-sections -MMD -MP -MF"src/crc.d" -MT"src/crc.d" -o "src/crc.o" "../src/crc.c"
'Finished building: ../src/crc.c'
' '
'Building file: ../src/main.c'
'Invoking: MicroBlaze gcc compiler'
mb-gcc -Wall -O0 -g3 -c -fmessage-length=0 -MT"src/main.o" -I../../EmbeddedLab_SW_bsp/microblaze_0/include -mlittle-endian -mcpu=v9.4 -mxl-soft-mul -Wl,--no-relax -ffunction-sections -fdata-sections -MMD -MP -MF"src/main.d" -MT"src/main.d" -o "src/main.o" "../src/main.c"
'Finished building: ../src/main.c'
' '
'Building target: EmbeddedLab_SW.elf'
'Invoking: MicroBlaze gcc linker'
mb-gcc -Wl,-T -Wl,../src/lscript.ld -L../../EmbeddedLab_SW_bsp/microblaze_0/lib -mlittle-endian -mcpu=v9.4 -mxl-soft-mul -Wl,--no-relax -Wl,--gc-sections -o "EmbeddedLab_SW.elf"  ./src/Interrupts.o ./src/Timer.o ./src/UART.o ./src/crc.o ./src/main.o ./src/platform.o   -Wl,--start-group,-lxil,-lgcc,-lc,--end-group
'Finished building target: EmbeddedLab_SW.elf'
' '
'Invoking: MicroBlaze Print Size'
mb-size EmbeddedLab_SW.elf  |tee "EmbeddedLab_SW.elf.size"
   text	   data	    bss	    dec	    hex	filename
  18852	    424	   3060	  22336	   5740	EmbeddedLab_SW.elf
'Finished building: EmbeddedLab_SW.elf.size'
' '
14:48:46 **** Incremental Build of configuration Debug for project EmbeddedLab_SW ****
make all 
make: Nothing to be done for `all'.
14:49:28 **** Incremental Build of configuration Debug for project EmbeddedLab_SW ****
make all 
make: Nothing to be done for `all'.
14:50:31 **** Incremental Build of configuration Debug for project EmbeddedLab_SW ****
make all 
make: Nothing to be done for `all'.
14:50:42 **** Incremental Build of configuration Debug for project EmbeddedLab_SW ****
make all 
make: Nothing to be done for `all'.
14:52:04 **** Auto Build of configuration Debug for project EmbeddedLab_SW ****
make all 
'Building file: ../src/Timer.c'
'Invoking: MicroBlaze gcc compiler'
mb-gcc -Wall -O0 -g3 -c -fmessage-length=0 -MT"src/Timer.o" -I../../EmbeddedLab_SW_bsp/microblaze_0/include -mlittle-endian -mcpu=v9.4 -mxl-soft-mul -Wl,--no-relax -ffunction-sections -fdata-sections -MMD -MP -MF"src/Timer.d" -MT"src/Timer.d" -o "src/Timer.o" "../src/Timer.c"
'Finished building: ../src/Timer.c'
' '
'Building file: ../src/crc.c'
'Invoking: MicroBlaze gcc compiler'
mb-gcc -Wall -O0 -g3 -c -fmessage-length=0 -MT"src/crc.o" -I../../EmbeddedLab_SW_bsp/microblaze_0/include -mlittle-endian -mcpu=v9.4 -mxl-soft-mul -Wl,--no-relax -ffunction-sections -fdata-sections -MMD -MP -MF"src/crc.d" -MT"src/crc.d" -o "src/crc.o" "../src/crc.c"
'Finished building: ../src/crc.c'
' '
'Building file: ../src/main.c'
'Invoking: MicroBlaze gcc compiler'
mb-gcc -Wall -O0 -g3 -c -fmessage-length=0 -MT"src/main.o" -I../../EmbeddedLab_SW_bsp/microblaze_0/include -mlittle-endian -mcpu=v9.4 -mxl-soft-mul -Wl,--no-relax -ffunction-sections -fdata-sections -MMD -MP -MF"src/main.d" -MT"src/main.d" -o "src/main.o" "../src/main.c"
'Finished building: ../src/main.c'
' '
'Building target: EmbeddedLab_SW.elf'
'Invoking: MicroBlaze gcc linker'
mb-gcc -Wl,-T -Wl,../src/lscript.ld -L../../EmbeddedLab_SW_bsp/microblaze_0/lib -mlittle-endian -mcpu=v9.4 -mxl-soft-mul -Wl,--no-relax -Wl,--gc-sections -o "EmbeddedLab_SW.elf"  ./src/Interrupts.o ./src/Timer.o ./src/UART.o ./src/crc.o ./src/main.o ./src/platform.o   -Wl,--start-group,-lxil,-lgcc,-lc,--end-group
'Finished building target: EmbeddedLab_SW.elf'
' '
'Invoking: MicroBlaze Print Size'
mb-size EmbeddedLab_SW.elf  |tee "EmbeddedLab_SW.elf.size"
   text	   data	    bss	    dec	    hex	filename
  18852	    424	   3060	  22336	   5740	EmbeddedLab_SW.elf
'Finished building: EmbeddedLab_SW.elf.size'
' '
14:52:59 **** Incremental Build of configuration Debug for project EmbeddedLab_SW ****
make all 
make: Nothing to be done for `all'.
14:54:54 **** Auto Build of configuration Debug for project EmbeddedLab_SW ****
make all 
'Building file: ../src/Timer.c'
'Invoking: MicroBlaze gcc compiler'
mb-gcc -Wall -O0 -g3 -c -fmessage-length=0 -MT"src/Timer.o" -I../../EmbeddedLab_SW_bsp/microblaze_0/include -mlittle-endian -mcpu=v9.4 -mxl-soft-mul -Wl,--no-relax -ffunction-sections -fdata-sections -MMD -MP -MF"src/Timer.d" -MT"src/Timer.d" -o "src/Timer.o" "../src/Timer.c"
'Finished building: ../src/Timer.c'
' '
'Building file: ../src/crc.c'
'Invoking: MicroBlaze gcc compiler'
mb-gcc -Wall -O0 -g3 -c -fmessage-length=0 -MT"src/crc.o" -I../../EmbeddedLab_SW_bsp/microblaze_0/include -mlittle-endian -mcpu=v9.4 -mxl-soft-mul -Wl,--no-relax -ffunction-sections -fdata-sections -MMD -MP -MF"src/crc.d" -MT"src/crc.d" -o "src/crc.o" "../src/crc.c"
'Finished building: ../src/crc.c'
' '
'Building file: ../src/main.c'
'Invoking: MicroBlaze gcc compiler'
mb-gcc -Wall -O0 -g3 -c -fmessage-length=0 -MT"src/main.o" -I../../EmbeddedLab_SW_bsp/microblaze_0/include -mlittle-endian -mcpu=v9.4 -mxl-soft-mul -Wl,--no-relax -ffunction-sections -fdata-sections -MMD -MP -MF"src/main.d" -MT"src/main.d" -o "src/main.o" "../src/main.c"
'Finished building: ../src/main.c'
' '
'Building target: EmbeddedLab_SW.elf'
'Invoking: MicroBlaze gcc linker'
mb-gcc -Wl,-T -Wl,../src/lscript.ld -L../../EmbeddedLab_SW_bsp/microblaze_0/lib -mlittle-endian -mcpu=v9.4 -mxl-soft-mul -Wl,--no-relax -Wl,--gc-sections -o "EmbeddedLab_SW.elf"  ./src/Interrupts.o ./src/Timer.o ./src/UART.o ./src/crc.o ./src/main.o ./src/platform.o   -Wl,--start-group,-lxil,-lgcc,-lc,--end-group
'Finished building target: EmbeddedLab_SW.elf'
' '
'Invoking: MicroBlaze Print Size'
mb-size EmbeddedLab_SW.elf  |tee "EmbeddedLab_SW.elf.size"
   text	   data	    bss	    dec	    hex	filename
  18852	    424	   3060	  22336	   5740	EmbeddedLab_SW.elf
'Finished building: EmbeddedLab_SW.elf.size'
' '
14:55:17 **** Incremental Build of configuration Debug for project EmbeddedLab_SW ****
make all 
make: Nothing to be done for `all'.
14:56:36 **** Incremental Build of configuration Debug for project EmbeddedLab_SW ****
make all 
make: Nothing to be done for `all'.
14:58:59 **** Incremental Build of configuration Debug for project EmbeddedLab_SW ****
make all 
make: Nothing to be done for `all'.
15:00:11 **** Incremental Build of configuration Debug for project EmbeddedLab_SW ****
make all 
make: Nothing to be done for `all'.
15:00:53 **** Incremental Build of configuration Debug for project EmbeddedLab_SW ****
make all 
make: Nothing to be done for `all'.
15:01:41 **** Incremental Build of configuration Debug for project EmbeddedLab_SW ****
make all 
make: Nothing to be done for `all'.
15:02:24 **** Incremental Build of configuration Debug for project EmbeddedLab_SW ****
make all 
make: Nothing to be done for `all'.
